2026-05-14T20:47:43.514+08:00 [DEBU] {84c7444a666faf1814d392265de41c29} [555 ms] [default] [max2] [rows:17 ] SHOW TABLES
2026-05-14T20:47:43.598+08:00 [DEBU] {a8bb926b666faf1815d39226e074de48} [ 82 ms] [default] [max2] [rows:4  ] SHOW FULL COLUMNS FROM `set_game`
2026-05-14T20:47:43.708+08:00 [DEBU] {e012c270666faf1816d3922648cd4e5d} [105 ms] [default] [max2] [rows:2  ] SELECT `id`,`name`,`key`,`value` FROM `set_game`
2026-05-14T21:03:42.072+08:00 [DEBU] {a4f2ca394570af18e5b05836fd97767b} [1611 ms] [default] [max2] [rows:17 ] SHOW TABLES
2026-05-14T21:03:42.165+08:00 [DEBU] {1871139a4570af18e6b05836a769123b} [ 91 ms] [default] [max2] [rows:4  ] SHOW FULL COLUMNS FROM `set_game`
2026-05-14T21:03:42.253+08:00 [DEBU] {04738e9f4570af18e7b058368b0683c4} [ 87 ms] [default] [max2] [rows:2  ] SELECT `id`,`name`,`key`,`value` FROM `set_game`
2026-05-14T21:57:34.254+08:00 [DEBU] {d0aa98ee3573af18a377032b73cddb0c} [943 ms] [default] [max2] [rows:17 ] SHOW TABLES
2026-05-14T21:57:34.392+08:00 [DEBU] {04243f273673af18a477032b2b5e8b2e} [134 ms] [default] [max2] [rows:4  ] SHOW FULL COLUMNS FROM `set_game`
2026-05-14T21:57:34.753+08:00 [DEBU] {7ca1462f3673af18a577032baffe77bc} [360 ms] [default] [max2] [rows:2  ] SELECT `id`,`name`,`key`,`value` FROM `set_game`
2026-05-14T21:59:40.342+08:00 [DEBU] {c490f81b5173af189b3584596be5c2e5} [10308 ms] [default] [max2] [rows:17 ] SHOW TABLES
2026-05-14T21:59:42.555+08:00 [DEBU] {48c887835373af189c358459bc9464a1} [2195 ms] [default] [max2] [rows:4  ] SHOW FULL COLUMNS FROM `set_game`
2026-05-14T21:59:42.833+08:00 [DEBU] {ecad5c065473af189d35845964398cff} [278 ms] [default] [max2] [rows:2  ] SELECT `id`,`name`,`key`,`value` FROM `set_game`
2026-05-14T22:09:43.125+08:00 [DEBU] {64de2fb3df73af18d1d9ba3582d1ba86} [669 ms] [default] [max2] [rows:17 ] SHOW TABLES
2026-05-14T22:09:43.285+08:00 [DEBU] {cccd32dbdf73af18d2d9ba354a82db38} [158 ms] [default] [max2] [rows:4  ] SHOW FULL COLUMNS FROM `set_game`
2026-05-14T22:09:43.369+08:00 [DEBU] {ccceafe4df73af18d3d9ba3595cbe42d} [ 83 ms] [default] [max2] [rows:2  ] SELECT `id`,`name`,`key`,`value` FROM `set_game`
2026-05-14T22:10:08.509+08:00 [DEBU] {d469d64ce573af18927bab7d94d54c7c} [2000 ms] [default] [max2] [rows:17 ] SHOW TABLES
2026-05-14T22:10:08.620+08:00 [DEBU] {18843cc4e573af18937bab7d2755d633} [109 ms] [default] [max2] [rows:4  ] SHOW FULL COLUMNS FROM `set_game`
2026-05-14T22:10:08.719+08:00 [DEBU] {e058c6cae573af18947bab7ddb89be3a} [ 98 ms] [default] [max2] [rows:2  ] SELECT `id`,`name`,`key`,`value` FROM `set_game`
2026-05-14T22:23:49.130+08:00 [DEBU] {8cef7ab9a474af18c1951e45a074e477} [459 ms] [default] [max2] [rows:17 ] SHOW TABLES
2026-05-14T22:23:49.265+08:00 [DEBU] {a8c0edd6a474af18c2951e452a7f80b0} [102 ms] [default] [max2] [rows:4  ] SHOW FULL COLUMNS FROM `set_game`
2026-05-14T22:23:49.344+08:00 [DEBU] {b02f0cdda474af18c3951e45575b22c0} [ 78 ms] [default] [max2] [rows:2  ] SELECT `id`,`name`,`key`,`value` FROM `set_game`
