2026-05-21T00:11:51.875+08:00 [DEBU] {6864fd7d0552b1183dfd0a2d7ffddbff} [543 ms] [default] [max2] [rows:17 ] SHOW TABLES
2026-05-21T00:11:51.959+08:00 [DEBU] {b45ebe9e0552b1183efd0a2d7c1a6431} [ 80 ms] [default] [max2] [rows:4  ] SHOW FULL COLUMNS FROM `set_game`
2026-05-21T00:11:52.064+08:00 [DEBU] {2c5cb2a30552b1183ffd0a2d6301b551} [102 ms] [default] [max2] [rows:2  ] SELECT `id`,`name`,`key`,`value` FROM `set_game`
2026-05-21T00:17:17.766+08:00 [DEBU] {5c81db655152b1185cd26715f2877f3c} [422 ms] [default] [max2] [rows:17 ] SHOW TABLES
2026-05-21T00:17:17.817+08:00 [DEBU] {d8a9407f5152b1185dd2671507bd1def} [ 49 ms] [default] [max2] [rows:4  ] SHOW FULL COLUMNS FROM `set_game`
2026-05-21T00:17:17.869+08:00 [DEBU] {9c7e3b825152b1185ed2671520707d24} [ 51 ms] [default] [max2] [rows:2  ] SELECT `id`,`name`,`key`,`value` FROM `set_game`
2026-05-21T00:19:34.193+08:00 [DEBU] {9826f22f7152b11852453d0b9181daa7} [314 ms] [default] [max2] [rows:17 ] SHOW TABLES
2026-05-21T00:19:34.242+08:00 [DEBU] {3c98e7427152b11853453d0b1f716abe} [ 47 ms] [default] [max2] [rows:4  ] SHOW FULL COLUMNS FROM `set_game`
2026-05-21T00:19:34.291+08:00 [DEBU] {78e8c6457152b11854453d0b7397d206} [ 48 ms] [default] [max2] [rows:2  ] SELECT `id`,`name`,`key`,`value` FROM `set_game`
2026-05-21T00:30:51.315+08:00 [DEBU] {a8ad8ec20e53b11878fad4091c1af636} [665 ms] [default] [max2] [rows:17 ] SHOW TABLES
2026-05-21T00:30:51.493+08:00 [DEBU] {787d80ea0e53b11879fad409abf96845} [177 ms] [default] [max2] [rows:4  ] SHOW FULL COLUMNS FROM `set_game`
2026-05-21T00:30:51.558+08:00 [DEBU] {dc9436f50e53b1187afad409d489c8a6} [ 62 ms] [default] [max2] [rows:2  ] SELECT `id`,`name`,`key`,`value` FROM `set_game`
2026-05-21T00:33:58.268+08:00 [DEBU] {3ca41e593a53b118ce17c35c9892a5aa} [409 ms] [default] [max2] [rows:17 ] SHOW TABLES
2026-05-21T00:33:58.395+08:00 [DEBU] {3c8c54723a53b118cf17c35c8c61d0a4} [116 ms] [default] [max2] [rows:4  ] SHOW FULL COLUMNS FROM `set_game`
2026-05-21T00:33:58.464+08:00 [DEBU] {44a455793a53b118d017c35c39b0d3a8} [ 68 ms] [default] [max2] [rows:2  ] SELECT `id`,`name`,`key`,`value` FROM `set_game`
2026-05-21T00:39:36.563+08:00 [DEBU] {602514248953b118f46a711427bc24a1} [293 ms] [default] [max2] [rows:17 ] SHOW TABLES
2026-05-21T00:39:36.613+08:00 [DEBU] {bc85b4358953b118f56a71143b3e32aa} [ 49 ms] [default] [max2] [rows:4  ] SHOW FULL COLUMNS FROM `set_game`
2026-05-21T00:39:36.678+08:00 [DEBU] {9c0bd3388953b118f66a7114d1425a58} [ 61 ms] [default] [max2] [rows:2  ] SELECT `id`,`name`,`key`,`value` FROM `set_game`
2026-05-21T00:54:14.633+08:00 [DEBU] {4ca054915554b118a0d2316c477fe0f4} [356 ms] [default] [max2] [rows:17 ] SHOW TABLES
2026-05-21T00:54:14.729+08:00 [DEBU] {4090baa65554b118a1d2316cc0414207} [ 95 ms] [default] [max2] [rows:4  ] SHOW FULL COLUMNS FROM `set_game`
2026-05-21T00:54:14.909+08:00 [DEBU] {84bd75ac5554b118a2d2316c9ce5ae45} [179 ms] [default] [max2] [rows:2  ] SELECT `id`,`name`,`key`,`value` FROM `set_game`
2026-05-21T00:55:19.378+08:00 [DEBU] {d0d0f47d6454b118af76845e1585c494} [1003 ms] [default] [max2] [rows:17 ] SHOW TABLES
2026-05-21T00:55:19.950+08:00 [DEBU] {68eff7b96454b118b076845e3c215680} [569 ms] [default] [max2] [rows:4  ] SHOW FULL COLUMNS FROM `set_game`
2026-05-21T00:55:20.247+08:00 [DEBU] {acd4f7db6454b118b176845efa2b80ed} [296 ms] [default] [max2] [rows:2  ] SELECT `id`,`name`,`key`,`value` FROM `set_game`
2026-05-21T22:04:26.067+08:00 [DEBU] {c02498d3a599b11863d568181acb9e68} [779 ms] [default] [max2] [rows:17 ] SHOW TABLES
2026-05-21T22:04:26.319+08:00 [DEBU] {d4cb4402a699b11864d56818aebca9a8} [250 ms] [default] [max2] [rows:4  ] SHOW FULL COLUMNS FROM `set_game`
2026-05-21T22:04:26.715+08:00 [DEBU] {5c3e3b11a699b11865d5681801773c3d} [395 ms] [default] [max2] [rows:2  ] SELECT `id`,`name`,`key`,`value` FROM `set_game`
2026-05-21T22:10:42.372+08:00 [DEBU] {c8f0517afd99b1187d102f720ec4fc75} [622 ms] [default] [max2] [rows:17 ] SHOW TABLES
2026-05-21T22:10:42.483+08:00 [DEBU] {d091e29ffd99b1187e102f7286e3dff7} [107 ms] [default] [max2] [rows:4  ] SHOW FULL COLUMNS FROM `set_game`
2026-05-21T22:10:42.846+08:00 [DEBU] {d04172a6fd99b1187f102f72ab25e8a5} [360 ms] [default] [max2] [rows:2  ] SELECT `id`,`name`,`key`,`value` FROM `set_game`
2026-05-21T22:15:47.547+08:00 [DEBU] {d838357f449ab118976beb24bdcd9aff} [773 ms] [default] [max2] [rows:17 ] SHOW TABLES
2026-05-21T22:15:47.646+08:00 [DEBU] {dc049bad449ab118986beb24ad70ee4b} [ 97 ms] [default] [max2] [rows:4  ] SHOW FULL COLUMNS FROM `set_game`
2026-05-21T22:15:47.729+08:00 [DEBU] {80f66db3449ab118996beb240bb95b07} [ 83 ms] [default] [max2] [rows:2  ] SELECT `id`,`name`,`key`,`value` FROM `set_game`
2026-05-21T22:21:55.115+08:00 [DEBU] {00693e279a9ab11843873744d0640128} [453 ms] [default] [max2] [rows:17 ] SHOW TABLES
2026-05-21T22:21:55.193+08:00 [DEBU] {942c58429a9ab118448737441376597e} [ 77 ms] [default] [max2] [rows:4  ] SHOW FULL COLUMNS FROM `set_game`
2026-05-21T22:21:55.553+08:00 [DEBU] {8409ff469a9ab11845873744fbe482f3} [359 ms] [default] [max2] [rows:2  ] SELECT `id`,`name`,`key`,`value` FROM `set_game`
2026-05-21T22:32:18.923+08:00 [DEBU] {b0456c5d2b9bb118a23c57100da9af7d} [580 ms] [default] [max2] [rows:17 ] SHOW TABLES
2026-05-21T22:32:19.012+08:00 [DEBU] {34779d802b9bb118a33c57105e0e5201} [ 81 ms] [default] [max2] [rows:4  ] SHOW FULL COLUMNS FROM `set_game`
2026-05-21T22:32:19.102+08:00 [DEBU] {8c5175852b9bb118a43c5710f7b7d862} [ 89 ms] [default] [max2] [rows:2  ] SELECT `id`,`name`,`key`,`value` FROM `set_game`
2026-05-21T22:44:04.203+08:00 [DEBU] {003bfb98cf9bb11889c6cc7dfe075bdc} [487 ms] [default] [max2] [rows:17 ] SHOW TABLES
2026-05-21T22:44:04.297+08:00 [DEBU] {f03142b6cf9bb1188ac6cc7d3aedcb02} [ 91 ms] [default] [max2] [rows:4  ] SHOW FULL COLUMNS FROM `set_game`
2026-05-21T22:44:04.391+08:00 [DEBU] {9463d0bbcf9bb1188bc6cc7d1792bfe8} [ 92 ms] [default] [max2] [rows:2  ] SELECT `id`,`name`,`key`,`value` FROM `set_game`
2026-05-21T22:52:30.020+08:00 [DEBU] {e4fc2c46459cb1187e59b52fb4d0ef99} [887 ms] [default] [max2] [rows:17 ] SHOW TABLES
2026-05-21T22:52:30.130+08:00 [DEBU] {986e4a7b459cb1187f59b52f7966a6c3} [107 ms] [default] [max2] [rows:4  ] SHOW FULL COLUMNS FROM `set_game`
2026-05-21T22:52:30.509+08:00 [DEBU] {80dfc781459cb1188059b52f7f8c401d} [377 ms] [default] [max2] [rows:2  ] SELECT `id`,`name`,`key`,`value` FROM `set_game`
2026-05-21T23:18:21.999+08:00 [DEBU] {9c3af0b8ae9db11855b8c2233f93a9da} [430 ms] [default] [max2] [rows:17 ] SHOW TABLES
2026-05-21T23:18:22.100+08:00 [DEBU] {108b6fd4ae9db11856b8c223d47cae38} [ 98 ms] [default] [max2] [rows:4  ] SHOW FULL COLUMNS FROM `set_game`
2026-05-21T23:18:22.483+08:00 [DEBU] {70a459daae9db11857b8c22340385ad3} [382 ms] [default] [max2] [rows:2  ] SELECT `id`,`name`,`key`,`value` FROM `set_game`
2026-05-21T23:30:51.472+08:00 [DEBU] {484346be5c9eb118d4faf44a0dd6a9ce} [2517 ms] [default] [max2] [rows:17 ] SHOW TABLES
2026-05-21T23:30:51.568+08:00 [DEBU] {800d85545d9eb118d5faf44ab984eea0} [ 93 ms] [default] [max2] [rows:4  ] SHOW FULL COLUMNS FROM `set_game`
2026-05-21T23:30:51.657+08:00 [DEBU] {b0b5335a5d9eb118d6faf44a6c1ccc34} [ 87 ms] [default] [max2] [rows:2  ] SELECT `id`,`name`,`key`,`value` FROM `set_game`
2026-05-21T23:35:06.650+08:00 [DEBU] {7c440f16989eb11845660201436f3f4d} [2820 ms] [default] [max2] [rows:17 ] SHOW TABLES
2026-05-21T23:35:07.386+08:00 [DEBU] {bca450c0989eb1184666020166301955} [700 ms] [default] [max2] [rows:4  ] SHOW FULL COLUMNS FROM `set_game`
2026-05-21T23:35:08.810+08:00 [DEBU] {7c490dea989eb11847660201f89cf698} [1423 ms] [default] [max2] [rows:2  ] SELECT `id`,`name`,`key`,`value` FROM `set_game`
2026-05-21T23:38:56.595+08:00 [DEBU] {3c37c422ce9eb1189529dd5559c367d4} [623 ms] [default] [max2] [rows:17 ] SHOW TABLES
2026-05-21T23:38:56.990+08:00 [DEBU] {98e90848ce9eb1189629dd55c7821f7e} [393 ms] [default] [max2] [rows:4  ] SHOW FULL COLUMNS FROM `set_game`
2026-05-21T23:38:57.079+08:00 [DEBU] {e8ab8e5fce9eb1189729dd55713b5b69} [ 88 ms] [default] [max2] [rows:2  ] SELECT `id`,`name`,`key`,`value` FROM `set_game`
2026-05-21T23:45:22.797+08:00 [DEBU] {5cd60c0c289fb11835ea4c0539524c9c} [659 ms] [default] [max2] [rows:17 ] SHOW TABLES
2026-05-21T23:45:22.885+08:00 [DEBU] {d8118333289fb11836ea4c05249867b0} [ 86 ms] [default] [max2] [rows:4  ] SHOW FULL COLUMNS FROM `set_game`
2026-05-21T23:45:23.251+08:00 [DEBU] {0091c238289fb11837ea4c051cc38680} [364 ms] [default] [max2] [rows:2  ] SELECT `id`,`name`,`key`,`value` FROM `set_game`
2026-05-21T23:50:03.283+08:00 [DEBU] {cc28e74b699fb1181018c25e703be69b} [898 ms] [default] [max2] [rows:17 ] SHOW TABLES
2026-05-21T23:50:03.380+08:00 [DEBU] {d82d4f82699fb1181118c25e3c444bf1} [ 86 ms] [default] [max2] [rows:4  ] SHOW FULL COLUMNS FROM `set_game`
2026-05-21T23:50:03.489+08:00 [DEBU] {7825b287699fb1181218c25ef4c199f7} [104 ms] [default] [max2] [rows:2  ] SELECT `id`,`name`,`key`,`value` FROM `set_game`
