2026-05-24T11:03:36.536+08:00 [DEBU] {f0acd8ff5361b21879ca694515cbcf8f} [365 ms] [default] [max2] [rows:17 ] SHOW TABLES
2026-05-24T11:03:36.598+08:00 [DEBU] {b4e33a165461b2187aca694546eb4893} [ 56 ms] [default] [max2] [rows:4  ] SHOW FULL COLUMNS FROM `set_game`
2026-05-24T11:03:36.650+08:00 [DEBU] {f0eba2195461b2187bca6945f455a916} [ 50 ms] [default] [max2] [rows:2  ] SELECT `id`,`name`,`key`,`value` FROM `set_game`
2026-05-24T11:08:46.842+08:00 [DEBU] {943f3b469c61b21836e50955e763edff} [253 ms] [default] [max2] [rows:17 ] SHOW TABLES
2026-05-24T11:08:46.893+08:00 [DEBU] {98a8af559c61b21837e50955c0a06fea} [ 48 ms] [default] [max2] [rows:4  ] SHOW FULL COLUMNS FROM `set_game`
2026-05-24T11:08:46.938+08:00 [DEBU] {7401be589c61b21838e509550704828b} [ 42 ms] [default] [max2] [rows:2  ] SELECT `id`,`name`,`key`,`value` FROM `set_game`
2026-05-24T11:38:33.240+08:00 [DEBU] {d4800e323c63b218645e187258974356} [285 ms] [default] [max2] [rows:17 ] SHOW TABLES
2026-05-24T11:38:33.299+08:00 [DEBU] {88544d433c63b218655e187235f628ce} [ 56 ms] [default] [max2] [rows:4  ] SHOW FULL COLUMNS FROM `set_game`
2026-05-24T11:38:33.353+08:00 [DEBU] {00adbf463c63b218665e18724526bdc5} [ 53 ms] [default] [max2] [rows:2  ] SELECT `id`,`name`,`key`,`value` FROM `set_game`
2026-05-24T11:45:34.096+08:00 [DEBU] {2842c32d9e63b218b1ba6f20f43fe722} [305 ms] [default] [max2] [rows:17 ] SHOW TABLES
2026-05-24T11:45:34.170+08:00 [DEBU] {e82440409e63b218b2ba6f20fcf0eacd} [ 72 ms] [default] [max2] [rows:4  ] SHOW FULL COLUMNS FROM `set_game`
2026-05-24T11:45:34.218+08:00 [DEBU] {e4c594449e63b218b3ba6f20bcaa210a} [ 47 ms] [default] [max2] [rows:2  ] SELECT `id`,`name`,`key`,`value` FROM `set_game`
2026-05-24T11:57:43.882+08:00 [DEBU] {f03f4c164864b218075dac10e6fe176e} [341 ms] [default] [max2] [rows:17 ] SHOW TABLES
2026-05-24T11:57:43.938+08:00 [DEBU] {acd2332b4864b218085dac1070ab76cf} [ 48 ms] [default] [max2] [rows:4  ] SHOW FULL COLUMNS FROM `set_game`
2026-05-24T11:57:44.013+08:00 [DEBU] {ecda422e4864b218095dac109ffead10} [ 73 ms] [default] [max2] [rows:2  ] SELECT `id`,`name`,`key`,`value` FROM `set_game`
2026-05-24T12:03:55.669+08:00 [DEBU] {dc7befa89e64b218258b880e71b89f98} [299 ms] [default] [max2] [rows:17 ] SHOW TABLES
2026-05-24T12:03:55.736+08:00 [DEBU] {b8475dbb9e64b218268b880e2c6f4b04} [ 61 ms] [default] [max2] [rows:4  ] SHOW FULL COLUMNS FROM `set_game`
2026-05-24T12:03:55.789+08:00 [DEBU] {d89b2bbf9e64b218278b880e0d47f2be} [ 50 ms] [default] [max2] [rows:2  ] SELECT `id`,`name`,`key`,`value` FROM `set_game`
2026-05-24T12:04:22.102+08:00 [DEBU] {602304a4a464b2186077221b6358180c} [1046 ms] [default] [max2] [rows:17 ] SHOW TABLES
2026-05-24T12:04:22.650+08:00 [DEBU] {40a8c9e2a464b2186177221bddf7386f} [542 ms] [default] [max2] [rows:4  ] SHOW FULL COLUMNS FROM `set_game`
2026-05-24T12:04:23.220+08:00 [DEBU] {58844b03a564b2186277221bffa23597} [568 ms] [default] [max2] [rows:2  ] SELECT `id`,`name`,`key`,`value` FROM `set_game`
2026-05-24T12:08:40.295+08:00 [DEBU] {30c020e8e064b21831a3f921dffd7315} [398 ms] [default] [max2] [rows:17 ] SHOW TABLES
2026-05-24T12:08:40.365+08:00 [DEBU] {78e15d00e164b21832a3f92138608bba} [ 64 ms] [default] [max2] [rows:4  ] SHOW FULL COLUMNS FROM `set_game`
2026-05-24T12:08:40.457+08:00 [DEBU] {8ce26704e164b21833a3f9212afa34fd} [ 88 ms] [default] [max2] [rows:2  ] SELECT `id`,`name`,`key`,`value` FROM `set_game`
