2026-05-11T00:24:22.404+08:00 [DEBU] {4c8a649fe640ae186e37973e4962d8be} [279 ms] [default] [max2] [rows:17 ] SHOW TABLES
2026-05-11T00:24:22.459+08:00 [DEBU] {e475cfb0e640ae186f37973e40b9345d} [ 49 ms] [default] [max2] [rows:4  ] SHOW FULL COLUMNS FROM `set_game`
2026-05-11T00:24:22.510+08:00 [DEBU] {4497d2b3e640ae187037973ec67f15d3} [ 49 ms] [default] [max2] [rows:2  ] SELECT `id`,`name`,`key`,`value` FROM `set_game`
2026-05-11T21:25:02.216+08:00 [ERRO] {c49e4ff4b185ae18cf31f97d039bf079} [  2 ms] [default] [max2] [rows:0  ] SHOW TABLES
Error: dial tcp 8.155.147.137:3306: connectex: A socket operation was attempted to an unreachable host. 
Stack:
1.  game_user/internal/controller/set_game.init.0
    D:/gowork/max2/max2/app/game_user/internal/controller/set_game/set_init.go:18

2026-05-11T21:25:02.218+08:00 [ERRO] {0404a0f4b185ae18d031f97d0b41adb8} [  1 ms] [default] [max2] [rows:0  ] SHOW FULL COLUMNS FROM `set_game`
Error: dial tcp 8.155.147.137:3306: connectex: A socket operation was attempted to an unreachable host. 
Stack:
1.  game_user/internal/controller/set_game.init.0
    D:/gowork/max2/max2/app/game_user/internal/controller/set_game/set_init.go:18

2026-05-11T21:25:02.219+08:00 [ERRO] {bc13b0f4b185ae18d131f97dad825091} [  1 ms] [default] [max2] [rows:0  ] SHOW FULL COLUMNS FROM `set_game`
Error: dial tcp 8.155.147.137:3306: connectex: A socket operation was attempted to an unreachable host. 
Stack:
1.  game_user/internal/controller/set_game.init.0
    D:/gowork/max2/max2/app/game_user/internal/controller/set_game/set_init.go:18

2026-05-11T21:25:02.220+08:00 [ERRO] {cc40c8f4b185ae18d231f97d3266f01e} [  0 ms] [default] [max2] [rows:0  ] SELECT `id`,`name`,`key`,`value` FROM `set_game`
Error: dial tcp 8.155.147.137:3306: connectex: A socket operation was attempted to an unreachable host. 
Stack:
1.  game_user/internal/controller/set_game.init.0
    D:/gowork/max2/max2/app/game_user/internal/controller/set_game/set_init.go:18

2026-05-11T21:50:42.829+08:00 [DEBU] {a0efff771887ae187ed72669bb370538} [806 ms] [default] [max2] [rows:17 ] SHOW TABLES
2026-05-11T21:50:43.255+08:00 [DEBU] {a4e070a81887ae187fd726696de1fe86} [423 ms] [default] [max2] [rows:4  ] SHOW FULL COLUMNS FROM `set_game`
2026-05-11T21:50:43.384+08:00 [DEBU] {14fbaec11887ae1880d72669e60017ab} [128 ms] [default] [max2] [rows:2  ] SELECT `id`,`name`,`key`,`value` FROM `set_game`
2026-05-11T22:08:28.075+08:00 [DEBU] {38a07a6b1088ae1800f8234767b1855b} [1113 ms] [default] [max2] [rows:17 ] SHOW TABLES
2026-05-11T22:08:28.206+08:00 [DEBU] {3c871fae1088ae1801f82347cf1993c1} [126 ms] [default] [max2] [rows:4  ] SHOW FULL COLUMNS FROM `set_game`
2026-05-11T22:08:28.323+08:00 [DEBU] {f029b7b51088ae1802f82347d2f00e00} [116 ms] [default] [max2] [rows:2  ] SELECT `id`,`name`,`key`,`value` FROM `set_game`
2026-05-11T22:23:21.405+08:00 [DEBU] {78aa2771e088ae183251da793e9569f3} [989 ms] [default] [max2] [rows:17 ] SHOW TABLES
2026-05-11T22:23:21.529+08:00 [DEBU] {f8c7b2ace088ae183351da79ce4c09b1} [120 ms] [default] [max2] [rows:4  ] SHOW FULL COLUMNS FROM `set_game`
2026-05-11T22:23:21.656+08:00 [DEBU] {8452f9b3e088ae183451da7923ee8463} [125 ms] [default] [max2] [rows:2  ] SELECT `id`,`name`,`key`,`value` FROM `set_game`
2026-05-11T22:29:02.124+08:00 [DEBU] {d4e7619e2f89ae180abc3976900d49ad} [1652 ms] [default] [max2] [rows:17 ] SHOW TABLES
2026-05-11T22:29:03.377+08:00 [DEBU] {d88f0c013089ae180bbc39762e7fd3ea} [1251 ms] [default] [max2] [rows:4  ] SHOW FULL COLUMNS FROM `set_game`
2026-05-11T22:29:03.509+08:00 [DEBU] {fc63bf4b3089ae180cbc39762e1dd7a9} [129 ms] [default] [max2] [rows:2  ] SELECT `id`,`name`,`key`,`value` FROM `set_game`
2026-05-11T23:10:30.257+08:00 [DEBU] {9431802b738bae18d9ee5b613ce0dfdb} [630 ms] [default] [max2] [rows:17 ] SHOW TABLES
2026-05-11T23:10:30.749+08:00 [DEBU] {68c33f51738bae18daee5b61b0e6d686} [491 ms] [default] [max2] [rows:4  ] SHOW FULL COLUMNS FROM `set_game`
2026-05-11T23:10:30.879+08:00 [DEBU] {1873956e738bae18dbee5b614935a60c} [129 ms] [default] [max2] [rows:2  ] SELECT `id`,`name`,`key`,`value` FROM `set_game`
2026-05-11T23:26:35.134+08:00 [DEBU] {ecdc6f98538cae18ac994c7cb01c8081} [1608 ms] [default] [max2] [rows:17 ] SHOW TABLES
2026-05-11T23:26:35.262+08:00 [DEBU] {78ef75f8538cae18ad994c7c81ca967c} [126 ms] [default] [max2] [rows:4  ] SHOW FULL COLUMNS FROM `set_game`
2026-05-11T23:26:35.389+08:00 [DEBU] {f4730e00548cae18ae994c7cae99bd7c} [125 ms] [default] [max2] [rows:2  ] SELECT `id`,`name`,`key`,`value` FROM `set_game`
