2026-05-20T20:08:49.320+08:00 [DEBU] {30d6c2cfc144b118c53c661c5894a71a} [2324 ms] [default] [max2] [rows:17 ] SHOW TABLES
2026-05-20T20:08:49.485+08:00 [DEBU] {58edbb5ac244b118c63c661c9cd764c5} [161 ms] [default] [max2] [rows:4  ] SHOW FULL COLUMNS FROM `set_game`
2026-05-20T20:08:49.581+08:00 [DEBU] {6c189b64c244b118c73c661cef7c6701} [ 91 ms] [default] [max2] [rows:2  ] SELECT `id`,`name`,`key`,`value` FROM `set_game`
2026-05-20T21:22:32.380+08:00 [DEBU] {6c2d74eac748b118576557136e8af312} [1122 ms] [default] [max2] [rows:17 ] SHOW TABLES
2026-05-20T21:22:32.527+08:00 [DEBU] {dcbf832dc848b11858655713e523a3d0} [145 ms] [default] [max2] [rows:4  ] SHOW FULL COLUMNS FROM `set_game`
2026-05-20T21:22:32.768+08:00 [DEBU] {58c55836c848b11859655713d3927e96} [238 ms] [default] [max2] [rows:2  ] SELECT `id`,`name`,`key`,`value` FROM `set_game`
2026-05-20T21:45:03.372+08:00 [DEBU] {6ce257ee014ab11844cecb3716e7d1c5} [3427 ms] [default] [max2] [rows:17 ] SHOW TABLES
2026-05-20T21:45:04.415+08:00 [DEBU] {04344bbb024ab11845cecb3764c90d41} [1035 ms] [default] [max2] [rows:4  ] SHOW FULL COLUMNS FROM `set_game`
2026-05-20T21:45:05.129+08:00 [DEBU] {30d21ff9024ab11846cecb37d39afc70} [711 ms] [default] [max2] [rows:2  ] SELECT `id`,`name`,`key`,`value` FROM `set_game`
2026-05-20T21:45:39.932+08:00 [DEBU] {e81230c00a4ab11882e4665d102394cb} [2109 ms] [default] [max2] [rows:17 ] SHOW TABLES
2026-05-20T21:45:40.088+08:00 [DEBU] {60ff103e0b4ab11883e4665d9ed61718} [154 ms] [default] [max2] [rows:4  ] SHOW FULL COLUMNS FROM `set_game`
2026-05-20T21:45:40.333+08:00 [DEBU] {9ca543470b4ab11884e4665d90880706} [245 ms] [default] [max2] [rows:2  ] SELECT `id`,`name`,`key`,`value` FROM `set_game`
2026-05-20T21:51:44.318+08:00 [DEBU] {006276d15f4ab11844cfb559ec5cf44a} [1132 ms] [default] [max2] [rows:17 ] SHOW TABLES
2026-05-20T21:51:44.399+08:00 [DEBU] {38856815604ab11845cfb559757e4752} [ 75 ms] [default] [max2] [rows:4  ] SHOW FULL COLUMNS FROM `set_game`
2026-05-20T21:51:44.484+08:00 [DEBU] {8cecf819604ab11846cfb5593f3e9e72} [ 83 ms] [default] [max2] [rows:2  ] SELECT `id`,`name`,`key`,`value` FROM `set_game`
2026-05-20T21:59:56.883+08:00 [DEBU] {b4c6142fd24ab1187423910204b0de9a} [2497 ms] [default] [max2] [rows:17 ] SHOW TABLES
2026-05-20T21:59:57.948+08:00 [DEBU] {5c347dc4d24ab1187523910218bd6fef} [1060 ms] [default] [max2] [rows:4  ] SHOW FULL COLUMNS FROM `set_game`
2026-05-20T21:59:58.100+08:00 [DEBU] {0cd8d003d34ab11876239102d9ae84f8} [150 ms] [default] [max2] [rows:2  ] SELECT `id`,`name`,`key`,`value` FROM `set_game`
2026-05-20T22:13:32.878+08:00 [DEBU] {4cd9c505904bb1180668016ee22c5055} [3143 ms] [default] [max2] [rows:17 ] SHOW TABLES
2026-05-20T22:13:33.331+08:00 [DEBU] {380e66c1904bb1180768016e48b641b1} [451 ms] [default] [max2] [rows:4  ] SHOW FULL COLUMNS FROM `set_game`
2026-05-20T22:13:33.937+08:00 [DEBU] {e88668dc904bb1180868016e6e70d3bb} [604 ms] [default] [max2] [rows:2  ] SELECT `id`,`name`,`key`,`value` FROM `set_game`
2026-05-20T22:14:19.075+08:00 [DEBU] {d87fbd079b4bb1185d851f0681794a36} [2065 ms] [default] [max2] [rows:17 ] SHOW TABLES
2026-05-20T22:14:19.226+08:00 [DEBU] {b420f7829b4bb1185e851f06030a01b3} [149 ms] [default] [max2] [rows:4  ] SHOW FULL COLUMNS FROM `set_game`
2026-05-20T22:14:19.455+08:00 [DEBU] {a8cee78b9b4bb1185f851f06a59cfa1f} [228 ms] [default] [max2] [rows:2  ] SELECT `id`,`name`,`key`,`value` FROM `set_game`
2026-05-20T22:15:08.192+08:00 [DEBU] {54143641a64bb1186fd9a95d5798fb41} [2973 ms] [default] [max2] [rows:17 ] SHOW TABLES
2026-05-20T22:15:08.361+08:00 [DEBU] {485a8bf2a64bb11870d9a95d8e7841df} [168 ms] [default] [max2] [rows:4  ] SHOW FULL COLUMNS FROM `set_game`
2026-05-20T22:15:08.497+08:00 [DEBU] {786497fca64bb11871d9a95dbd34cba4} [135 ms] [default] [max2] [rows:2  ] SELECT `id`,`name`,`key`,`value` FROM `set_game`
2026-05-20T22:16:16.411+08:00 [DEBU] {44ca325cb64bb118945a7529a981bac8} [2019 ms] [default] [max2] [rows:17 ] SHOW TABLES
2026-05-20T22:16:16.574+08:00 [DEBU] {e4c5c8d4b64bb118955a7529f543e8ad} [160 ms] [default] [max2] [rows:4  ] SHOW FULL COLUMNS FROM `set_game`
2026-05-20T22:16:16.984+08:00 [DEBU] {68ab78deb64bb118965a752927b22dd5} [408 ms] [default] [max2] [rows:2  ] SELECT `id`,`name`,`key`,`value` FROM `set_game`
2026-05-20T22:52:34.123+08:00 [DEBU] {143964adb14db1184959951af93c4886} [817 ms] [default] [max2] [rows:17 ] SHOW TABLES
2026-05-20T22:52:34.335+08:00 [DEBU] {d0b7b1deb14db1184a59951a2d0b7742} [207 ms] [default] [max2] [rows:4  ] SHOW FULL COLUMNS FROM `set_game`
2026-05-20T22:52:34.656+08:00 [DEBU] {e48243ebb14db1184b59951a336b2c37} [317 ms] [default] [max2] [rows:2  ] SELECT `id`,`name`,`key`,`value` FROM `set_game`
2026-05-20T22:53:03.417+08:00 [DEBU] {6066755db84db1183e41ad463f19bcd6} [1391 ms] [default] [max2] [rows:17 ] SHOW TABLES
2026-05-20T22:53:03.814+08:00 [DEBU] {7c64a3b0b84db1183f41ad464dcec64b} [394 ms] [default] [max2] [rows:4  ] SHOW FULL COLUMNS FROM `set_game`
2026-05-20T22:53:04.077+08:00 [DEBU] {2c5b58c8b84db1184041ad466f5558b9} [259 ms] [default] [max2] [rows:2  ] SELECT `id`,`name`,`key`,`value` FROM `set_game`
2026-05-20T23:05:34.105+08:00 [DEBU] {b897803c674eb1182ee87c50401ce006} [1007 ms] [default] [max2] [rows:17 ] SHOW TABLES
2026-05-20T23:05:34.227+08:00 [DEBU] {58c31879674eb1182fe87c509c101bdc} [119 ms] [default] [max2] [rows:4  ] SHOW FULL COLUMNS FROM `set_game`
2026-05-20T23:05:34.311+08:00 [DEBU] {00ab4580674eb11830e87c50d2be454a} [ 83 ms] [default] [max2] [rows:2  ] SELECT `id`,`name`,`key`,`value` FROM `set_game`
2026-05-20T23:06:36.008+08:00 [DEBU] {c02253b4754eb118bb38eb57a3ab78f2} [775 ms] [default] [max2] [rows:17 ] SHOW TABLES
2026-05-20T23:06:36.526+08:00 [DEBU] {4c03d6e2754eb118bc38eb57fe231a1c} [515 ms] [default] [max2] [rows:4  ] SHOW FULL COLUMNS FROM `set_game`
2026-05-20T23:06:36.768+08:00 [DEBU] {70c4c701764eb118bd38eb57230fa3f3} [237 ms] [default] [max2] [rows:2  ] SELECT `id`,`name`,`key`,`value` FROM `set_game`
2026-05-20T23:09:36.329+08:00 [DEBU] {84b67d719f4eb118132747247071c6ff} [1826 ms] [default] [max2] [rows:17 ] SHOW TABLES
2026-05-20T23:09:36.754+08:00 [DEBU] {ac19fdde9f4eb11814274724203fa134} [419 ms] [default] [max2] [rows:4  ] SHOW FULL COLUMNS FROM `set_game`
2026-05-20T23:09:37.041+08:00 [DEBU] {8088fbf79f4eb118152747240ab82cf1} [285 ms] [default] [max2] [rows:2  ] SELECT `id`,`name`,`key`,`value` FROM `set_game`
2026-05-20T23:11:50.254+08:00 [DEBU] {90464ba2be4eb118bcf92e38862e34ac} [1791 ms] [default] [max2] [rows:17 ] SHOW TABLES
2026-05-20T23:11:50.678+08:00 [DEBU] {58dc4f0dbf4eb118bdf92e3805fe8dcb} [421 ms] [default] [max2] [rows:4  ] SHOW FULL COLUMNS FROM `set_game`
2026-05-20T23:11:51.317+08:00 [DEBU] {54df8226bf4eb118bef92e38b411481b} [638 ms] [default] [max2] [rows:2  ] SELECT `id`,`name`,`key`,`value` FROM `set_game`
2026-05-20T23:15:37.344+08:00 [DEBU] {00bb7784f34eb118077caf6ba284cca5} [1749 ms] [default] [max2] [rows:17 ] SHOW TABLES
2026-05-20T23:15:38.302+08:00 [DEBU] {6430d6ecf34eb118087caf6b03e13923} [957 ms] [default] [max2] [rows:4  ] SHOW FULL COLUMNS FROM `set_game`
2026-05-20T23:15:38.765+08:00 [DEBU] {a8c4fb25f44eb118097caf6b635e8d93} [461 ms] [default] [max2] [rows:2  ] SELECT `id`,`name`,`key`,`value` FROM `set_game`
