2026-05-08T21:30:28.197+08:00 [DEBU] etcd put success with key "/service/default/default/game_user/latest/172.20.10.3:9000", value "{"protocol":"grpc"}", lease "7587894528270012999"
2026-05-08T21:30:28.298+08:00 [DEBU] etcd put success with key "/service/default/default/default/latest/172.20.10.3:8000", value "{"insecure":true,"protocol":"http"}", lease "7587894528270013002"
2026-05-08T21:31:54.925+08:00 [DEBU] etcd put success with key "/service/default/default/game_user/latest/172.20.10.3:9000", value "{"protocol":"grpc"}", lease "7587894528270013007"
2026-05-08T21:31:54.957+08:00 [DEBU] etcd put success with key "/service/default/default/default/latest/172.20.10.3:8000", value "{"insecure":true,"protocol":"http"}", lease "7587894528270013010"
2026-05-08T21:32:10.311+08:00 [DEBU] etcd put success with key "/service/default/default/game_user/latest/172.20.10.3:9000", value "{"protocol":"grpc"}", lease "7587894528270013013"
2026-05-08T21:32:10.339+08:00 [DEBU] etcd put success with key "/service/default/default/default/latest/172.20.10.3:8000", value "{"insecure":true,"protocol":"http"}", lease "7587894528270013016"
2026-05-08T21:46:34.063+08:00 [ERRO] {bc3a1eff209bad18ea297f198daadc71} 用户名或密码错误 
Stack:
1.  game_user/internal/controller/enter.(*ControllerV1).Enter
    D:/gowork/max2/max2/app/game_user/internal/controller/enter/enter_v1_enter.go:82

2026-05-08T21:49:33.586+08:00 [ERRO] {140234d24a9bad18eb297f1983f949dd} 用户名或密码错误 
Stack:
1.  game_user/internal/controller/enter.(*ControllerV1).Enter
    D:/gowork/max2/max2/app/game_user/internal/controller/enter/enter_v1_enter.go:82

2026-05-08T22:10:39.509+08:00 [ERRO] {3c0ddc92719cad18ec297f19c4a9bca1} 用户名或密码错误 
Stack:
1.  game_user/internal/controller/enter.(*ControllerV1).Enter
    D:/gowork/max2/max2/app/game_user/internal/controller/enter/enter_v1_enter.go:82

2026-05-08T22:14:16.423+08:00 [ERRO] {94b81014a49cad18ed297f1937b8e324} 用户名或密码错误 
Stack:
1.  game_user/internal/controller/enter.(*ControllerV1).Enter
    D:/gowork/max2/max2/app/game_user/internal/controller/enter/enter_v1_enter.go:82

2026-05-08T22:22:50.934+08:00 [ERRO] {849be5df1b9dad18ee297f1917800159} 用户名或密码错误 
Stack:
1.  game_user/internal/controller/enter.(*ControllerV1).Enter
    D:/gowork/max2/max2/app/game_user/internal/controller/enter/enter_v1_enter.go:82

2026-05-08T22:27:11.052+08:00 [ERRO] {3ccd1a70589dad18ef297f19da3c45cf} 用户名或密码错误 
Stack:
1.  game_user/internal/controller/enter.(*ControllerV1).Enter
    D:/gowork/max2/max2/app/game_user/internal/controller/enter/enter_v1_enter.go:82

2026-05-08T22:27:18.328+08:00 [ERRO] {10d9cd215a9dad18f0297f19907b0125} 用户名或密码错误 
Stack:
1.  game_user/internal/controller/enter.(*ControllerV1).Enter
    D:/gowork/max2/max2/app/game_user/internal/controller/enter/enter_v1_enter.go:82

2026-05-08T22:29:27.384+08:00 [ERRO] {a0bded2d789dad18f1297f198f90cac4} 用户名或密码错误 
Stack:
1.  game_user/internal/controller/enter.(*ControllerV1).Enter
    D:/gowork/max2/max2/app/game_user/internal/controller/enter/enter_v1_enter.go:82

2026-05-08T22:29:40.846+08:00 [ERRO] {ac69d8507b9dad18f2297f193598085b} 用户名或密码错误 
Stack:
1.  game_user/internal/controller/enter.(*ControllerV1).Enter
    D:/gowork/max2/max2/app/game_user/internal/controller/enter/enter_v1_enter.go:82

2026-05-08T22:37:00.322+08:00 [ERRO] {883019a2e19dad18f3297f19f36ef9cc} 用户名或密码错误 
Stack:
1.  game_user/internal/controller/enter.(*ControllerV1).Enter
    D:/gowork/max2/max2/app/game_user/internal/controller/enter/enter_v1_enter.go:82

2026-05-08T22:37:38.358+08:00 [ERRO] {d8e2ae7eea9dad18f4297f1950dc2fb4} 用户名或密码错误 
Stack:
1.  game_user/internal/controller/enter.(*ControllerV1).Enter
    D:/gowork/max2/max2/app/game_user/internal/controller/enter/enter_v1_enter.go:82

2026-05-08T22:38:18.199+08:00 [ERRO] {889c7cc5f39dad18f5297f190a9c2cc5} 用户名或密码错误 
Stack:
1.  game_user/internal/controller/enter.(*ControllerV1).Enter
    D:/gowork/max2/max2/app/game_user/internal/controller/enter/enter_v1_enter.go:82

2026-05-08T22:38:25.503+08:00 [ERRO] {3cc1b278f59dad18f6297f1912853b61} 用户名或密码错误 
Stack:
1.  game_user/internal/controller/enter.(*ControllerV1).Enter
    D:/gowork/max2/max2/app/game_user/internal/controller/enter/enter_v1_enter.go:82

2026-05-08T22:38:34.036+08:00 [ERRO] {1c065e74f79dad18f7297f191a3cfe61} 用户名或密码错误 
Stack:
1.  game_user/internal/controller/enter.(*ControllerV1).Enter
    D:/gowork/max2/max2/app/game_user/internal/controller/enter/enter_v1_enter.go:82

2026-05-08T22:38:41.536+08:00 [ERRO] {60ce4434f99dad18f8297f1957e181a1} 用户名或密码错误 
Stack:
1.  game_user/internal/controller/enter.(*ControllerV1).Enter
    D:/gowork/max2/max2/app/game_user/internal/controller/enter/enter_v1_enter.go:82

2026-05-08T22:38:54.382+08:00 [ERRO] {48872f32fc9dad18f9297f1971d04f4d} 用户名或密码错误 
Stack:
1.  game_user/internal/controller/enter.(*ControllerV1).Enter
    D:/gowork/max2/max2/app/game_user/internal/controller/enter/enter_v1_enter.go:82

2026-05-08T22:42:33.477+08:00 [ERRO] {5c33f3342f9ead18fa297f19e0efe34e} 用户名或密码错误 
Stack:
1.  game_user/internal/controller/enter.(*ControllerV1).Enter
    D:/gowork/max2/max2/app/game_user/internal/controller/enter/enter_v1_enter.go:82

2026-05-08T22:44:01.754+08:00 [ERRO] {107fa6c2439ead18fb297f19fe62ae52} 用户名或密码错误 
Stack:
1.  game_user/internal/controller/enter.(*ControllerV1).Enter
    D:/gowork/max2/max2/app/game_user/internal/controller/enter/enter_v1_enter.go:82

2026-05-08T22:55:00.608+08:00 [ERRO] {649c3e29dd9ead18fc297f19d44912c2} 用户名或密码错误 
Stack:
1.  game_user/internal/controller/enter.(*ControllerV1).Enter
    D:/gowork/max2/max2/app/game_user/internal/controller/enter/enter_v1_enter.go:82

2026-05-08T22:55:32.358+08:00 [ERRO] {cc95258ee49ead18fd297f199367fbaf} 用户名或密码错误 
Stack:
1.  game_user/internal/controller/enter.(*ControllerV1).Enter
    D:/gowork/max2/max2/app/game_user/internal/controller/enter/enter_v1_enter.go:82

2026-05-08T22:55:55.705+08:00 [ERRO] {a8eda9fde99ead18fe297f1956882681} 用户名或密码错误 
Stack:
1.  game_user/internal/controller/enter.(*ControllerV1).Enter
    D:/gowork/max2/max2/app/game_user/internal/controller/enter/enter_v1_enter.go:82

2026-05-08T22:56:46.902+08:00 [ERRO] {74bd99e8f59ead18ff297f19f02d8dbc} 用户名或密码错误 
Stack:
1.  game_user/internal/controller/enter.(*ControllerV1).Enter
    D:/gowork/max2/max2/app/game_user/internal/controller/enter/enter_v1_enter.go:82

2026-05-08T23:04:50.011+08:00 [ERRO] {f8a80664669fad18002a7f193b826853} 用户名或密码错误 
Stack:
1.  game_user/internal/controller/enter.(*ControllerV1).Enter
    D:/gowork/max2/max2/app/game_user/internal/controller/enter/enter_v1_enter.go:82

2026-05-08T23:11:27.126+08:00 [ERRO] {54aeb8dac29fad18012a7f19afefc3a1} 用户名或密码错误 
Stack:
1.  game_user/internal/controller/enter.(*ControllerV1).Enter
    D:/gowork/max2/max2/app/game_user/internal/controller/enter/enter_v1_enter.go:82

2026-05-08T23:20:27.461+08:00 [ERRO] {4842d0a840a0ad18022a7f19c0007687} 用户名或密码错误 
Stack:
1.  game_user/internal/controller/enter.(*ControllerV1).Enter
    D:/gowork/max2/max2/app/game_user/internal/controller/enter/enter_v1_enter.go:82

