2026-05-23T10:19:17.723+08:00 [FATA] net.Listen address ":8020" failed: listen tcp :8020: bind: Only one usage of each socket address (protocol/network address/port) is normally permitted.
1. net.Listen address ":8020" failed
2. listen tcp :8020: bind: Only one usage of each socket address (protocol/network address/port) is normally permitted.

2026-05-23T10:22:19.708+08:00 [FATA] net.Listen address ":8020" failed: listen tcp :8020: bind: Only one usage of each socket address (protocol/network address/port) is normally permitted.
1. net.Listen address ":8020" failed
2. listen tcp :8020: bind: Only one usage of each socket address (protocol/network address/port) is normally permitted.

2026-05-23T10:35:45.002+08:00 [INFO] swagger ui is serving at address: http://127.0.0.1:8030/swagger/
2026-05-23T10:35:45.004+08:00 [INFO] openapi specification is serving at address: http://127.0.0.1:8030/api.json
2026-05-23T10:35:45.002+08:00 [INFO] pid[2136]: http server started listening on [:8030]

----------|--------|------------|------------------------------------------------------------|-------------------------------------
| ADDRESS | METHOD |   ROUTE    |                          HANDLER                           |             MIDDLEWARE             |
----------|--------|------------|------------------------------------------------------------|-------------------------------------
| :8030   | ALL    | /api.json  | github.com/gogf/gf/v2/net/ghttp.(*Server).openapiSpec      |                                    |
----------|--------|------------|------------------------------------------------------------|-------------------------------------
| :8030   | GET    | /hello     | user/internal/controller/hello.(*ControllerV1).Hello       | service.IMiddleware.MiddlewareCORS |
|         |        |            |                                                            | ghttp.MiddlewareHandlerResponse    |
----------|--------|------------|------------------------------------------------------------|-------------------------------------
| :8030   | POST   | /login     | user/internal/controller/login.(*ControllerV1).Login       | service.IMiddleware.MiddlewareCORS |
|         |        |            |                                                            | ghttp.MiddlewareHandlerResponse    |
----------|--------|------------|------------------------------------------------------------|-------------------------------------
| :8030   | POST   | /logout    | user/internal/controller/login.(*ControllerV1).Logout      | service.IMiddleware.MiddlewareCORS |
|         |        |            |                                                            | ghttp.MiddlewareHandlerResponse    |
----------|--------|------------|------------------------------------------------------------|-------------------------------------
| :8030   | POST   | /register  | user/internal/controller/register.(*ControllerV1).Register | service.IMiddleware.MiddlewareCORS |
|         |        |            |                                                            | ghttp.MiddlewareHandlerResponse    |
----------|--------|------------|------------------------------------------------------------|-------------------------------------
| :8030   | ALL    | /swagger/* | github.com/gogf/gf/v2/net/ghttp.(*Server).swaggerUI        | HOOK_BEFORE_SERVE                  |
----------|--------|------------|------------------------------------------------------------|-------------------------------------

2026-05-23T23:17:08.876+08:00 [INFO] swagger ui is serving at address: http://127.0.0.1:8030/swagger/
2026-05-23T23:17:08.878+08:00 [INFO] pid[17756]: http server started listening on [:8030]
2026-05-23T23:17:08.879+08:00 [INFO] openapi specification is serving at address: http://127.0.0.1:8030/api.json

----------|--------|------------|------------------------------------------------------------|-------------------------------------
| ADDRESS | METHOD |   ROUTE    |                          HANDLER                           |             MIDDLEWARE             |
----------|--------|------------|------------------------------------------------------------|-------------------------------------
| :8030   | ALL    | /api.json  | github.com/gogf/gf/v2/net/ghttp.(*Server).openapiSpec      |                                    |
----------|--------|------------|------------------------------------------------------------|-------------------------------------
| :8030   | GET    | /hello     | user/internal/controller/hello.(*ControllerV1).Hello       | service.IMiddleware.MiddlewareCORS |
|         |        |            |                                                            | ghttp.MiddlewareHandlerResponse    |
----------|--------|------------|------------------------------------------------------------|-------------------------------------
| :8030   | POST   | /login     | user/internal/controller/login.(*ControllerV1).Login       | service.IMiddleware.MiddlewareCORS |
|         |        |            |                                                            | ghttp.MiddlewareHandlerResponse    |
----------|--------|------------|------------------------------------------------------------|-------------------------------------
| :8030   | POST   | /logout    | user/internal/controller/login.(*ControllerV1).Logout      | service.IMiddleware.MiddlewareCORS |
|         |        |            |                                                            | ghttp.MiddlewareHandlerResponse    |
----------|--------|------------|------------------------------------------------------------|-------------------------------------
| :8030   | POST   | /register  | user/internal/controller/register.(*ControllerV1).Register | service.IMiddleware.MiddlewareCORS |
|         |        |            |                                                            | ghttp.MiddlewareHandlerResponse    |
----------|--------|------------|------------------------------------------------------------|-------------------------------------
| :8030   | ALL    | /swagger/* | github.com/gogf/gf/v2/net/ghttp.(*Server).swaggerUI        | HOOK_BEFORE_SERVE                  |
----------|--------|------------|------------------------------------------------------------|-------------------------------------

