2026-05-09T00:48:15.211+08:00 [DEBU] {d4f7583904a5ad18ce2eb843021eef04} [434 ms] [default] [max2] [rows:5  ] SHOW FULL COLUMNS FROM `users`
2026-05-09T00:48:15.316+08:00 [DEBU] {d4f7583904a5ad18ce2eb843021eef04} [104 ms] [default] [max2] [rows:0  ] SELECT * FROM `users` WHERE `name`='11111' LIMIT 1
2026-05-09T00:51:18.551+08:00 [DEBU] {70aa07ef32a5ad181154b16a6328a359} [309 ms] [default] [max2] [rows:5  ] SHOW FULL COLUMNS FROM `users`
2026-05-09T00:51:18.694+08:00 [DEBU] {70aa07ef32a5ad181154b16a6328a359} [141 ms] [default] [max2] [rows:0  ] SELECT * FROM `users` WHERE `name`='1·1111' LIMIT 1
2026-05-09T00:52:20.479+08:00 [DEBU] {b8c48e3242a5ad181254b16a56fb6318} [622 ms] [default] [max2] [rows:0  ] SELECT * FROM `users` WHERE `name`='1' LIMIT 1
2026-05-09T00:52:54.597+08:00 [DEBU] {48626e124ba5ad181354b16a3b86b099} [443 ms] [default] [max2] [rows:0  ] SELECT * FROM `users` WHERE `name`='1' LIMIT 1
2026-05-09T00:53:27.806+08:00 [DEBU] {58ed801153a5ad181454b16aaa26f64b} [373 ms] [default] [max2] [rows:0  ] SELECT * FROM `users` WHERE `name`='1' LIMIT 1
2026-05-09T00:54:28.475+08:00 [DEBU] {3ccda91161a5ad181554b16a67870133} [721 ms] [default] [max2] [rows:0  ] SELECT * FROM `users` WHERE `name`='1' LIMIT 1
2026-05-09T21:20:59.894+08:00 [DEBU] {aca8de674ce8ad1866eb4d7678c24371} [519 ms] [default] [max2] [rows:5  ] SHOW FULL COLUMNS FROM `users`
2026-05-09T21:21:00.122+08:00 [DEBU] {aca8de674ce8ad1866eb4d7678c24371} [226 ms] [default] [max2] [rows:0  ] SELECT * FROM `users` WHERE `name`='111' LIMIT 1
2026-05-09T21:24:33.727+08:00 [DEBU] {84c0585081e8ad18924b7e614ca6089d} [597 ms] [default] [max2] [rows:5  ] SHOW FULL COLUMNS FROM `users`
2026-05-09T21:24:33.900+08:00 [DEBU] {84c0585081e8ad18924b7e614ca6089d} [167 ms] [default] [max2] [rows:0  ] SELECT * FROM `users` WHERE `name`='1' LIMIT 1
2026-05-09T21:24:57.689+08:00 [DEBU] {24ab78f586e8ad18934b7e6192b262c1} [175 ms] [default] [max2] [rows:0  ] SELECT * FROM `users` WHERE `name`='1' LIMIT 1
2026-05-09T21:26:47.039+08:00 [DEBU] {48913d17a0e8ad182cd2f42d1509e7ab} [498 ms] [default] [max2] [rows:5  ] SHOW FULL COLUMNS FROM `users`
2026-05-09T21:26:47.268+08:00 [DEBU] {48913d17a0e8ad182cd2f42d1509e7ab} [227 ms] [default] [max2] [rows:0  ] SELECT * FROM `users` WHERE `name`='111' LIMIT 1
2026-05-09T21:32:45.807+08:00 [DEBU] {784304deeee8ad188d7ff40126e977cf} [463 ms] [default] [max2] [rows:5  ] SHOW FULL COLUMNS FROM `users`
2026-05-09T21:32:45.993+08:00 [DEBU] {784304deeee8ad188d7ff40126e977cf} [184 ms] [default] [max2] [rows:0  ] SELECT * FROM `users` WHERE `name`='1' LIMIT 1
2026-05-09T21:33:00.285+08:00 [DEBU] {943b4016f8e8ad188e7ff401f0cfd05a} [180 ms] [default] [max2] [rows:0  ] SELECT * FROM `users` WHERE `name`='1' LIMIT 1
2026-05-09T21:33:21.980+08:00 [DEBU] {50136e0efde8ad188f7ff401d160a386} [530 ms] [default] [max2] [rows:0  ] SELECT * FROM `users` WHERE `name`='1' LIMIT 1
2026-05-09T21:34:23.511+08:00 [DEBU] {846982250be9ad18907ff401ef7ffff0} [1539 ms] [default] [max2] [rows:0  ] SELECT * FROM `users` WHERE `name`='1' LIMIT 1
2026-05-09T21:34:47.792+08:00 [DEBU] {9410251b11e9ad18917ff40121883263} [231 ms] [default] [max2] [rows:0  ] SELECT * FROM `users` WHERE `name`='1' LIMIT 1
2026-05-09T21:35:46.545+08:00 [DEBU] {d8b2ccb11ee9ad18927ff401fad789d8} [620 ms] [default] [max2] [rows:0  ] SELECT * FROM `users` WHERE `name`='1' LIMIT 1
2026-05-09T21:36:54.165+08:00 [DEBU] {f0aa61752ee9ad18937ff401b0bacc6b} [529 ms] [default] [max2] [rows:0  ] SELECT * FROM `users` WHERE `name`='1' LIMIT 1
2026-05-09T21:37:12.217+08:00 [DEBU] {a8b8989c32e9ad18947ff40193441a26} [750 ms] [default] [max2] [rows:0  ] SELECT * FROM `users` WHERE `name`='1' LIMIT 1
2026-05-09T21:40:48.570+08:00 [DEBU] {146faaf964e9ad18957ff401304a08c9} [636 ms] [default] [max2] [rows:0  ] SELECT * FROM `users` WHERE `name`='1' LIMIT 1
2026-05-09T21:41:05.297+08:00 [DEBU] {f464bfdd68e9ad18967ff4015669a42a} [809 ms] [default] [max2] [rows:0  ] SELECT * FROM `users` WHERE `name`='1' LIMIT 1
2026-05-09T21:42:18.345+08:00 [DEBU] {dc2d29ee79e9ad18977ff40185036c10} [565 ms] [default] [max2] [rows:0  ] SELECT * FROM `users` WHERE `name`='1' LIMIT 1
2026-05-09T21:43:11.417+08:00 [DEBU] {40ce1c4986e9ad18987ff401a34522d3} [572 ms] [default] [max2] [rows:0  ] SELECT * FROM `users` WHERE `name`='1' LIMIT 1
2026-05-09T21:44:37.392+08:00 [DEBU] {2444c8529ae9ad18997ff4010afb2197} [476 ms] [default] [max2] [rows:1  ] SELECT * FROM `users` WHERE `name`='c罗' LIMIT 1
2026-05-09T21:45:03.091+08:00 [DEBU] {0c415b61a0e9ad189a7ff40142cc378e} [170 ms] [default] [max2] [rows:1  ] SELECT * FROM `users` WHERE `name`='c罗' LIMIT 1
2026-05-09T21:45:30.663+08:00 [DEBU] {607a89b8a6e9ad189b7ff4017a6b463a} [511 ms] [default] [max2] [rows:1  ] SELECT * FROM `users` WHERE `name`='c罗' LIMIT 1
2026-05-09T21:47:32.042+08:00 [DEBU] {0c2b75f9c2e9ad189c7ff401116dc428} [538 ms] [default] [max2] [rows:1  ] SELECT * FROM `users` WHERE `name`='c罗' LIMIT 1
2026-05-09T22:02:24.182+08:00 [DEBU] {e01b09a892eaad18fe77ca4a840e0238} [676 ms] [default] [max2] [rows:5  ] SHOW FULL COLUMNS FROM `users`
2026-05-09T22:02:24.390+08:00 [DEBU] {e01b09a892eaad18fe77ca4a840e0238} [206 ms] [default] [max2] [rows:1  ] SELECT * FROM `users` WHERE `name`='c罗' LIMIT 1
2026-05-09T22:03:06.481+08:00 [DEBU] {bc584a8a9ceaad180078ca4af1572491} [543 ms] [default] [max2] [rows:1  ] SELECT * FROM `users` WHERE `name`='c罗' LIMIT 1
2026-05-09T22:03:45.458+08:00 [DEBU] {c4a9b69da5eaad180278ca4a63592055} [540 ms] [default] [max2] [rows:1  ] SELECT * FROM `users` WHERE `name`='c罗' LIMIT 1
2026-05-09T22:04:10.168+08:00 [DEBU] {cc650b70abeaad180478ca4a4e8f9fb3} [236 ms] [default] [max2] [rows:1  ] SELECT * FROM `users` WHERE `name`='c罗' LIMIT 1
2026-05-09T22:04:52.756+08:00 [DEBU] {806fd439b5eaad180678ca4ada5f489b} [794 ms] [default] [max2] [rows:1  ] SELECT * FROM `users` WHERE `name`='c罗' LIMIT 1
2026-05-09T22:06:52.350+08:00 [ERRO] {c4a9b69da5eaad180278ca4a63592055} [  0 ms] [default] [max2] [rows:0  ] UPDATE `users` SET token WHERE (`id`=1) AND (eyJhbGciOiJIUzI1NiIsInR5cCI6IkpXVCJ9.eyJJZCI6MCwiVXNlcm5hbWUiOiJj572XIiwiZXhwIjoxNzc4OTQwNDEyfQ.dCiTPVeaxp0HKqBz8gISlokY-NCjFcGkePnRNifVDKY)
Error: context canceled 
Stack:
1.  user/internal/controller/login.(*ControllerV1).Login
    D:/gowork/max2/max2/app/user/internal/controller/login/login_v1_login.go:111
2.  user/internal/logic/middleware.(*sMiddleware).MiddlewareCORS
    D:/gowork/max2/max2/app/user/internal/logic/middleware/middleware.go:28

2026-05-09T22:06:52.351+08:00 [ERRO] {cc650b70abeaad180478ca4a4e8f9fb3} [  0 ms] [default] [max2] [rows:0  ] UPDATE `users` SET token WHERE (`id`=1) AND (eyJhbGciOiJIUzI1NiIsInR5cCI6IkpXVCJ9.eyJJZCI6MCwiVXNlcm5hbWUiOiJj572XIiwiZXhwIjoxNzc4OTQwNDEyfQ.dCiTPVeaxp0HKqBz8gISlokY-NCjFcGkePnRNifVDKY)
Error: context canceled 
Stack:
1.  user/internal/controller/login.(*ControllerV1).Login
    D:/gowork/max2/max2/app/user/internal/controller/login/login_v1_login.go:111
2.  user/internal/logic/middleware.(*sMiddleware).MiddlewareCORS
    D:/gowork/max2/max2/app/user/internal/logic/middleware/middleware.go:28

2026-05-09T22:06:52.351+08:00 [ERRO] {e01b09a892eaad18fe77ca4a840e0238} [  0 ms] [default] [max2] [rows:0  ] UPDATE `users` SET token WHERE (`id`=1) AND (eyJhbGciOiJIUzI1NiIsInR5cCI6IkpXVCJ9.eyJJZCI6MCwiVXNlcm5hbWUiOiJj572XIiwiZXhwIjoxNzc4OTQwNDEyfQ.dCiTPVeaxp0HKqBz8gISlokY-NCjFcGkePnRNifVDKY)
Error: context canceled 
Stack:
1.  user/internal/controller/login.(*ControllerV1).Login
    D:/gowork/max2/max2/app/user/internal/controller/login/login_v1_login.go:111
2.  user/internal/logic/middleware.(*sMiddleware).MiddlewareCORS
    D:/gowork/max2/max2/app/user/internal/logic/middleware/middleware.go:28

2026-05-09T22:06:52.350+08:00 [ERRO] {806fd439b5eaad180678ca4ada5f489b} [  0 ms] [default] [max2] [rows:0  ] UPDATE `users` SET token WHERE (`id`=1) AND (eyJhbGciOiJIUzI1NiIsInR5cCI6IkpXVCJ9.eyJJZCI6MCwiVXNlcm5hbWUiOiJj572XIiwiZXhwIjoxNzc4OTQwNDEyfQ.dCiTPVeaxp0HKqBz8gISlokY-NCjFcGkePnRNifVDKY)
Error: context canceled 
Stack:
1.  user/internal/controller/login.(*ControllerV1).Login
    D:/gowork/max2/max2/app/user/internal/controller/login/login_v1_login.go:111
2.  user/internal/logic/middleware.(*sMiddleware).MiddlewareCORS
    D:/gowork/max2/max2/app/user/internal/logic/middleware/middleware.go:28

2026-05-09T22:06:52.353+08:00 [ERRO] {bc584a8a9ceaad180078ca4af1572491} [  0 ms] [default] [max2] [rows:0  ] UPDATE `users` SET token WHERE (`id`=1) AND (eyJhbGciOiJIUzI1NiIsInR5cCI6IkpXVCJ9.eyJJZCI6MCwiVXNlcm5hbWUiOiJj572XIiwiZXhwIjoxNzc4OTQwNDEyfQ.dCiTPVeaxp0HKqBz8gISlokY-NCjFcGkePnRNifVDKY)
Error: context canceled 
Stack:
1.  user/internal/controller/login.(*ControllerV1).Login
    D:/gowork/max2/max2/app/user/internal/controller/login/login_v1_login.go:111
2.  user/internal/logic/middleware.(*sMiddleware).MiddlewareCORS
    D:/gowork/max2/max2/app/user/internal/logic/middleware/middleware.go:28

2026-05-09T22:08:19.484+08:00 [DEBU] {c039c063e5eaad180878ca4a10f41e53} [655 ms] [default] [max2] [rows:1  ] SELECT * FROM `users` WHERE `name`='c罗' LIMIT 1
2026-05-09T22:08:24.264+08:00 [ERRO] {c039c063e5eaad180878ca4a10f41e53} [103 ms] [default] [max2] [rows:0  ] UPDATE `users` SET token WHERE (`id`=1) AND (eyJhbGciOiJIUzI1NiIsInR5cCI6IkpXVCJ9.eyJJZCI6MCwiVXNlcm5hbWUiOiJj572XIiwiZXhwIjoxNzc4OTQwNTA0fQ.fpp3C3AY9ijlkAvk5W5ET9_qbX7UWrkaBkg_VzuheBU)
Error: Error 1064 (42000): You have an error in your SQL syntax; check the manual that corresponds to your MySQL server version for the right syntax to use near 'WHERE (`id`=?) AND (eyJhbGciOiJIUzI1NiIsInR5cCI6IkpXVCJ9.eyJJZCI6MCwiVXNlcm5hbWU' at line 1 
Stack:
1.  user/internal/controller/login.(*ControllerV1).Login
    D:/gowork/max2/max2/app/user/internal/controller/login/login_v1_login.go:111
2.  user/internal/logic/middleware.(*sMiddleware).MiddlewareCORS
    D:/gowork/max2/max2/app/user/internal/logic/middleware/middleware.go:28

2026-05-09T22:10:55.584+08:00 [DEBU] {10c636cb02ebad186450845ed1dabd97} [459 ms] [default] [max2] [rows:5  ] SHOW FULL COLUMNS FROM `users`
2026-05-09T22:10:55.762+08:00 [DEBU] {10c636cb02ebad186450845ed1dabd97} [175 ms] [default] [max2] [rows:1  ] SELECT * FROM `users` WHERE `name`='c罗' LIMIT 1
2026-05-09T22:11:32.738+08:00 [ERRO] {10c636cb02ebad186450845ed1dabd97} [  0 ms] [default] [max2] [rows:0  ] UPDATE `users` SET token WHERE (`id`=1) AND (eyJhbGciOiJIUzI1NiIsInR5cCI6IkpXVCJ9.eyJJZCI6MCwiVXNlcm5hbWUiOiJj572XIiwiZXhwIjoxNzc4OTQwNjYyfQ.-3aYohO3swak3psie95mtxX9T04Mecw4VYHPhK5fWak)
Error: context canceled 
Stack:
1.  user/internal/controller/login.(*ControllerV1).Login
    D:/gowork/max2/max2/app/user/internal/controller/login/login_v1_login.go:111
2.  user/internal/logic/middleware.(*sMiddleware).MiddlewareCORS
    D:/gowork/max2/max2/app/user/internal/logic/middleware/middleware.go:28

2026-05-09T22:12:11.845+08:00 [ERRO] {54aa42a814ebad186650845e6aa1a46f} [  0 ms] [default] [max2] [rows:0  ] SELECT * FROM `users` WHERE `name`='c罗' LIMIT 1
Error: context canceled 
Stack:
1.  user/internal/controller/login.(*ControllerV1).Login
    D:/gowork/max2/max2/app/user/internal/controller/login/login_v1_login.go:39
2.  user/internal/logic/middleware.(*sMiddleware).MiddlewareCORS
    D:/gowork/max2/max2/app/user/internal/logic/middleware/middleware.go:28

2026-05-09T22:13:03.104+08:00 [DEBU] {3062316520ebad186750845e6a6851e8} [843 ms] [default] [max2] [rows:1  ] SELECT * FROM `users` WHERE `name`='c罗' LIMIT 1
2026-05-09T22:13:33.114+08:00 [ERRO] {3062316520ebad186750845e6a6851e8} [  0 ms] [default] [max2] [rows:0  ] UPDATE `users` SET token WHERE (`id`=1) AND (eyJhbGciOiJIUzI1NiIsInR5cCI6IkpXVCJ9.eyJJZCI6MCwiVXNlcm5hbWUiOiJj572XIiwiZXhwIjoxNzc4OTQwNzgzfQ.p0KFH9P9Y0_vE9O8uWsReO5jLts-1g3XAOddPqWqCek)
Error: context canceled 
Stack:
1.  user/internal/controller/login.(*ControllerV1).Login
    D:/gowork/max2/max2/app/user/internal/controller/login/login_v1_login.go:111
2.  user/internal/logic/middleware.(*sMiddleware).MiddlewareCORS
    D:/gowork/max2/max2/app/user/internal/logic/middleware/middleware.go:28

2026-05-09T22:19:10.614+08:00 [DEBU] {542e230f76ebad18ffd0f811ea862387} [424 ms] [default] [max2] [rows:5  ] SHOW FULL COLUMNS FROM `users`
2026-05-09T22:19:10.773+08:00 [DEBU] {542e230f76ebad18ffd0f811ea862387} [156 ms] [default] [max2] [rows:1  ] SELECT * FROM `users` WHERE `name`='c罗' LIMIT 1
2026-05-09T22:19:41.027+08:00 [ERRO] {542e230f76ebad18ffd0f811ea862387} [ 15 ms] [default] [max2] [rows:0  ] UPDATE `users` SET token WHERE (`id`=1) AND (eyJhbGciOiJIUzI1NiIsInR5cCI6IkpXVCJ9.eyJJZCI6MCwiVXNlcm5hbWUiOiJj572XIiwiZXhwIjoxNzc4OTQxMTUwfQ.HAjcBlp9mu3aw43tKXThuksxtEFFpLVmuQcxw1boaqs)
Error: context canceled 
Stack:
1.  user/internal/controller/login.(*ControllerV1).Login
    D:/gowork/max2/max2/app/user/internal/controller/login/login_v1_login.go:116
2.  user/internal/logic/middleware.(*sMiddleware).MiddlewareCORS
    D:/gowork/max2/max2/app/user/internal/logic/middleware/middleware.go:28

2026-05-09T22:20:57.028+08:00 [ERRO] {5c1c88b795ebad1801d1f811d9bc9fac} [877 ms] [default] [max2] [rows:0  ] UPDATE `users` SET token WHERE (`id`=1) AND (eyJhbGciOiJIUzI1NiIsInR5cCI6IkpXVCJ9.eyJJZCI6MCwiVXNlcm5hbWUiOiJj572XIiwiZXhwIjoxNzc4OTQxMjU2fQ.0T2YXwoZ6AQWn0unQptrrpAt15bra0FrZn8GK2cJnlk)
Error: Error 1064 (42000): You have an error in your SQL syntax; check the manual that corresponds to your MySQL server version for the right syntax to use near 'WHERE (`id`=?) AND (eyJhbGciOiJIUzI1NiIsInR5cCI6IkpXVCJ9.eyJJZCI6MCwiVXNlcm5hbWU' at line 1 
Stack:
1.  user/internal/controller/login.(*ControllerV1).Login
    D:/gowork/max2/max2/app/user/internal/controller/login/login_v1_login.go:116
2.  user/internal/logic/middleware.(*sMiddleware).MiddlewareCORS
    D:/gowork/max2/max2/app/user/internal/logic/middleware/middleware.go:28

2026-05-09T22:22:16.629+08:00 [ERRO] {547cb35da8ebad1802d1f8118a0ca6b4} [382 ms] [default] [max2] [rows:0  ] UPDATE `users` SET token WHERE (`id`=1) AND (eyJhbGciOiJIUzI1NiIsInR5cCI6IkpXVCJ9.eyJJZCI6MCwiVXNlcm5hbWUiOiJj572XIiwiZXhwIjoxNzc4OTQxMzM2fQ.hMg4B0_FI2T03pn8oNmucEugKlPZg9PFBWIkLf819Xg)
Error: Error 1064 (42000): You have an error in your SQL syntax; check the manual that corresponds to your MySQL server version for the right syntax to use near 'WHERE (`id`=?) AND (eyJhbGciOiJIUzI1NiIsInR5cCI6IkpXVCJ9.eyJJZCI6MCwiVXNlcm5hbWU' at line 1 
Stack:
1.  user/internal/controller/login.(*ControllerV1).Login
    D:/gowork/max2/max2/app/user/internal/controller/login/login_v1_login.go:116
2.  user/internal/logic/middleware.(*sMiddleware).MiddlewareCORS
    D:/gowork/max2/max2/app/user/internal/logic/middleware/middleware.go:28

2026-05-09T22:22:42.682+08:00 [ERRO] {645ac67eaeebad1803d1f81178152a46} [115 ms] [default] [max2] [rows:0  ] UPDATE `users` SET token WHERE (`id`=1) AND (eyJhbGciOiJIUzI1NiIsInR5cCI6IkpXVCJ9.eyJJZCI6MCwiVXNlcm5hbWUiOiJj572XIiwiZXhwIjoxNzc4OTQxMzYyfQ.83VHfJ5iyqTnaGHrFE8nhIiigvd8qbt12TrZDL73bhw)
Error: Error 1064 (42000): You have an error in your SQL syntax; check the manual that corresponds to your MySQL server version for the right syntax to use near 'WHERE (`id`=?) AND (eyJhbGciOiJIUzI1NiIsInR5cCI6IkpXVCJ9.eyJJZCI6MCwiVXNlcm5hbWU' at line 1 
Stack:
1.  user/internal/controller/login.(*ControllerV1).Login
    D:/gowork/max2/max2/app/user/internal/controller/login/login_v1_login.go:116
2.  user/internal/logic/middleware.(*sMiddleware).MiddlewareCORS
    D:/gowork/max2/max2/app/user/internal/logic/middleware/middleware.go:28

2026-05-09T22:27:14.027+08:00 [DEBU] {c00cbe98edebad186f397921ba5e4365} [418 ms] [default] [max2] [rows:5  ] SHOW FULL COLUMNS FROM `users`
2026-05-09T22:27:14.188+08:00 [DEBU] {c00cbe98edebad186f397921ba5e4365} [160 ms] [default] [max2] [rows:1  ] UPDATE `users` SET `token`='eyJhbGciOiJIUzI1NiIsInR5cCI6IkpXVCJ9.eyJJZCI6MCwiVXNlcm5hbWUiOiJj572XIiwiZXhwIjoxNzc4OTQxNjMzfQ.GZ13pv1WPTWOpI_ap0SnLAvFT-GMz8fwxlr6k0YqO00' WHERE `id`=1
2026-05-09T22:28:17.707+08:00 [DEBU] {5089db0afcebad18713979213bc5d8b3} [2072 ms] [default] [max2] [rows:1  ] UPDATE `users` SET `token`='eyJhbGciOiJIUzI1NiIsInR5cCI6IkpXVCJ9.eyJJZCI6MCwiVXNlcm5hbWUiOiJj572XIiwiZXhwIjoxNzc4OTQxNjk1fQ.9V8lZRp_ZSIVIfn2l-e_wWHuYBSA7vbcw2P2SMBbSYA' WHERE `id`=1
2026-05-09T22:29:36.708+08:00 [DEBU] {e857b2bf0eecad18723979216247cb8d} [725 ms] [default] [max2] [rows:1  ] UPDATE `users` SET `token`='eyJhbGciOiJIUzI1NiIsInR5cCI6IkpXVCJ9.eyJJZCI6MCwiVXNlcm5hbWUiOiJj572XIiwiZXhwIjoxNzc4OTQxNzc1fQ.LR2k5syJ2_KmaQcUyZmk7bYdBLqFozZ2tJavHs0PH28' WHERE `id`=1
2026-05-09T22:35:17.639+08:00 [DEBU] {fc319f555cecad1874397921821ebf79} [1692 ms] [default] [max2] [rows:17 ] SHOW TABLES
2026-05-09T22:35:17.717+08:00 [ERRO] {fc319f555cecad1874397921821ebf79} [ 71 ms] [default] [max2] [rows:0  ] SELECT `id` FROM `users` WHERE username = '1' LIMIT 1
Error: Error 1054 (42S22): Unknown column 'username' in 'where clause' 
Stack:
1.  user/internal/controller/register.(*ControllerV1).Register
    D:/gowork/max2/max2/app/user/internal/controller/register/register_v1_register.go:47
2.  user/internal/logic/middleware.(*sMiddleware).MiddlewareCORS
    D:/gowork/max2/max2/app/user/internal/logic/middleware/middleware.go:28

2026-05-09T22:37:22.131+08:00 [DEBU] {547ac26a79ecad18adda930b1fce9deb} [394 ms] [default] [max2] [rows:17 ] SHOW TABLES
2026-05-09T22:37:22.219+08:00 [DEBU] {547ac26a79ecad18adda930b1fce9deb} [ 73 ms] [default] [max2] [rows:5  ] SHOW FULL COLUMNS FROM `users`
2026-05-09T22:37:22.302+08:00 [ERRO] {547ac26a79ecad18adda930b1fce9deb} [ 80 ms] [default] [max2] [rows:0  ] SELECT `id` FROM `users` WHERE username = '1' LIMIT 1
Error: Error 1054 (42S22): Unknown column 'username' in 'where clause' 
Stack:
1.  user/internal/controller/register.(*ControllerV1).Register
    D:/gowork/max2/max2/app/user/internal/controller/register/register_v1_register.go:47
2.  user/internal/logic/middleware.(*sMiddleware).MiddlewareCORS
    D:/gowork/max2/max2/app/user/internal/logic/middleware/middleware.go:28

2026-05-09T22:38:24.446+08:00 [DEBU] {e4b449dc88ecad185b4fc43f2d646d1a} [422 ms] [default] [max2] [rows:17 ] SHOW TABLES
2026-05-09T22:38:24.542+08:00 [DEBU] {e4b449dc88ecad185b4fc43f2d646d1a} [ 92 ms] [default] [max2] [rows:5  ] SHOW FULL COLUMNS FROM `users`
2026-05-09T22:38:24.695+08:00 [DEBU] {e4b449dc88ecad185b4fc43f2d646d1a} [152 ms] [default] [max2] [rows:0  ] SELECT `id` FROM `users` WHERE name = '1' LIMIT 1
2026-05-09T22:38:24.786+08:00 [DEBU] {e4b449dc88ecad185b4fc43f2d646d1a} [ 89 ms] [default] [max2] [rows:0  ] [txid:1] BEGIN (IosolationLevel: Default, ReadOnly: false)
2026-05-09T22:38:24.925+08:00 [DEBU] {e4b449dc88ecad185b4fc43f2d646d1a} [137 ms] [default] [max2] [rows:1  ] [txid:1] INSERT INTO `users`(`name`,`password`,`point`,`token`) VALUES('1','c4ca4238a0b923820dcc509a6f75849b',100,'') 
2026-05-09T22:38:25.012+08:00 [DEBU] {e4b449dc88ecad185b4fc43f2d646d1a} [ 82 ms] [default] [max2] [rows:0  ] [txid:1] COMMIT
2026-05-09T22:39:24.118+08:00 [DEBU] {c4cf318197ecad185c4fc43f0da74a25} [777 ms] [default] [max2] [rows:1  ] UPDATE `users` SET `token`='eyJhbGciOiJIUzI1NiIsInR5cCI6IkpXVCJ9.eyJJZCI6MCwiVXNlcm5hbWUiOiIxIiwiZXhwIjoxNzc4OTQyMzYzfQ.W3clV62muNS7xyC0M6QtQGq-q8zHuUG89lasP5IVBHM' WHERE `id`=3
2026-05-09T22:53:53.588+08:00 [DEBU] {98f9c16961edad185e4fc43f3c01b9d2} [753 ms] [default] [max2] [rows:1  ] UPDATE `users` SET `token`='eyJhbGciOiJIUzI1NiIsInR5cCI6IkpXVCJ9.eyJJZCI6MCwiVXNlcm5hbWUiOiIxIiwiZXhwIjoxNzc4OTQzMjMyfQ.PVqknYF1mkMgMmvmJiZbj6yNwsQi0YDgvn9937GHQtQ' WHERE `id`=3
2026-05-09T22:54:20.019+08:00 [DEBU] {30e6e03c68edad185f4fc43fe763d8d0} [167 ms] [default] [max2] [rows:1  ] UPDATE `users` SET `token`='eyJhbGciOiJIUzI1NiIsInR5cCI6IkpXVCJ9.eyJJZCI6MCwiVXNlcm5hbWUiOiIxIiwiZXhwIjoxNzc4OTQzMjU5fQ.XLobSVMEkOyUhXKQK3Cf50-lumKADYu012vDpC5zMKA' WHERE `id`=3
2026-05-09T22:55:02.171+08:00 [DEBU] {a43091fb71edad18604fc43fafcae3bf} [477 ms] [default] [max2] [rows:1  ] UPDATE `users` SET `token`='eyJhbGciOiJIUzI1NiIsInR5cCI6IkpXVCJ9.eyJJZCI6MCwiVXNlcm5hbWUiOiIxIiwiZXhwIjoxNzc4OTQzMzAxfQ.J50xFE2RY1BOzvzMsgZgrj-o6nD_bfTkywsqyuLSta0' WHERE `id`=3
2026-05-09T22:56:30.983+08:00 [DEBU] {50e622a886edad18614fc43ffb17e16d} [484 ms] [default] [max2] [rows:1  ] UPDATE `users` SET `token`='eyJhbGciOiJIUzI1NiIsInR5cCI6IkpXVCJ9.eyJJZCI6MCwiVXNlcm5hbWUiOiIxIiwiZXhwIjoxNzc4OTQzMzkwfQ.jqNqcY9XIAJlvrbei491jLA86kW-wmt37wRkwxkQNks' WHERE `id`=3
2026-05-09T22:56:45.378+08:00 [DEBU] {18a1c0158aedad18624fc43f6d1fbbb4} [162 ms] [default] [max2] [rows:1  ] UPDATE `users` SET `token`='eyJhbGciOiJIUzI1NiIsInR5cCI6IkpXVCJ9.eyJJZCI6MCwiVXNlcm5hbWUiOiIxIiwiZXhwIjoxNzc4OTQzNDA1fQ.fGAsD_xUZ6TuRmFbbCFajvvX9HY4jhrOW6od169Qulk' WHERE `id`=3
2026-05-09T23:01:04.066+08:00 [DEBU] {401ffc29c6edad18644fc43f284bca60} [808 ms] [default] [max2] [rows:1  ] UPDATE `users` SET `token`='eyJhbGciOiJIUzI1NiIsInR5cCI6IkpXVCJ9.eyJJZCI6MCwiVXNlcm5hbWUiOiIxIiwiZXhwIjoxNzc4OTQzNjYzfQ.hlobWFADHpByHVd5tV44wT47PX1ocgAaKKxbjm0f1-g' WHERE `id`=3
2026-05-09T23:01:41.172+08:00 [DEBU] {8c8ec2e0ceedad18664fc43f97c0803d} [496 ms] [default] [max2] [rows:1  ] UPDATE `users` SET `token`='eyJhbGciOiJIUzI1NiIsInR5cCI6IkpXVCJ9.eyJJZCI6MCwiVXNlcm5hbWUiOiIxIiwiZXhwIjoxNzc4OTQzNzAwfQ.tDG43YQ5GhqF3x2CvhBKkH0Jn8CzwRE6Z6luzmQryXY' WHERE `id`=3
2026-05-09T23:02:31.530+08:00 [DEBU] {208dd291daedad18674fc43fc2175308} [584 ms] [default] [max2] [rows:1  ] UPDATE `users` SET `token`='eyJhbGciOiJIUzI1NiIsInR5cCI6IkpXVCJ9.eyJJZCI6MCwiVXNlcm5hbWUiOiIxIiwiZXhwIjoxNzc4OTQzNzUwfQ.luiaJSazJQ_pAQ5QO95Slf3hjMLJ54De5j52YKUcCmg' WHERE `id`=3
2026-05-09T23:13:27.614+08:00 [DEBU] {64147a5873eead18684fc43f97d66b8d} [547 ms] [default] [max2] [rows:1  ] UPDATE `users` SET `token`='eyJhbGciOiJIUzI1NiIsInR5cCI6IkpXVCJ9.eyJJZCI6MCwiVXNlcm5hbWUiOiIxIiwiZXhwIjoxNzc4OTQ0NDA3fQ.De-gw2FRd9VuNfDXUYNJOhvjUYBETeLVVEPmMbi0ZdE' WHERE `id`=3
2026-05-09T23:14:38.153+08:00 [DEBU] {64e724c583eead18694fc43ff06522ab} [551 ms] [default] [max2] [rows:1  ] UPDATE `users` SET `token`='eyJhbGciOiJIUzI1NiIsInR5cCI6IkpXVCJ9.eyJJZCI6MCwiVXNlcm5hbWUiOiIxIiwiZXhwIjoxNzc4OTQ0NDc3fQ.O6YyMWsWA-4ghflPke9quIz-0R-8Krb-Mj6sQwmFTzs' WHERE `id`=3
2026-05-09T23:15:12.704+08:00 [DEBU] {887caab08beead186a4fc43f669b2ae4} [768 ms] [default] [max2] [rows:1  ] UPDATE `users` SET `token`='eyJhbGciOiJIUzI1NiIsInR5cCI6IkpXVCJ9.eyJJZCI6MCwiVXNlcm5hbWUiOiIxIiwiZXhwIjoxNzc4OTQ0NTExfQ.8BrNJ-IdWB9gpU9i25csE9vBD5qcycE0s1Tf9_IH3a8' WHERE `id`=3
