2026-05-14T00:00:35.040+08:00 [DEBU] {2cf77be8572baf184cb1814219d212d0} [642 ms] [default] [max2] [rows:1  ] UPDATE `users` SET `point`=883 WHERE `id`=3
2026-05-14T00:11:19.027+08:00 [DEBU] {18d9dde0ed2baf1802b28142cb5eed63} [512 ms] [default] [max2] [rows:1  ] UPDATE `users` SET `point`=868 WHERE `id`=3
2026-05-14T00:19:26.779+08:00 [DEBU] {c49acf7d5f2caf18b0b28142808f9465} [298 ms] [default] [max2] [rows:1  ] UPDATE `users` SET `point`=853 WHERE `id`=3
2026-05-14T00:23:58.520+08:00 [DEBU] {ecfcbcbc9e2caf1835b38142fbb31531} [400 ms] [default] [max2] [rows:1  ] UPDATE `users` SET `point`=838 WHERE `id`=3
2026-05-14T00:29:39.074+08:00 [DEBU] {88beac0bee2caf18b7b38142f2c0b083} [328 ms] [default] [max2] [rows:1  ] UPDATE `users` SET `point`=823 WHERE `id`=3
2026-05-14T00:39:13.001+08:00 [DEBU] {d83f11aa732daf183bb481420c069011} [365 ms] [default] [max2] [rows:1  ] UPDATE `users` SET `point`=808 WHERE `id`=3
2026-05-14T20:52:34.560+08:00 [DEBU] {c8716605aa6faf18e5d3922682eaefed} [659 ms] [default] [max2] [rows:5  ] SHOW FULL COLUMNS FROM `users`
2026-05-14T20:52:34.813+08:00 [DEBU] {c8716605aa6faf18e5d3922682eaefed} [251 ms] [default] [max2] [rows:1  ] UPDATE `users` SET `point`=790 WHERE `id`=3
2026-05-14T20:56:41.860+08:00 [DEBU] {c4338a8fe36faf1894d492260e8e7ed4} [868 ms] [default] [max2] [rows:1  ] UPDATE `users` SET `point`=782 WHERE `id`=3
2026-05-14T21:09:05.948+08:00 [DEBU] {ece520a89070af1874b15836d1cdb70e} [1498 ms] [default] [max2] [rows:1  ] UPDATE `users` SET `point`=767 WHERE `id`=3
2026-05-14T21:11:56.801+08:00 [DEBU] {fc943877b870af189db7d2727e0d04d9} [1296 ms] [default] [max2] [rows:1  ] SELECT * FROM `users` WHERE `name`='c罗' LIMIT 1
2026-05-14T21:11:57.262+08:00 [DEBU] {fc943877b870af189db7d2727e0d04d9} [369 ms] [default] [max2] [rows:1  ] UPDATE `users` SET `token`='eyJhbGciOiJIUzI1NiIsInR5cCI6IkpXVCJ9.eyJJZCI6MCwiVXNlcm5hbWUiOiJj572XIiwiZXhwIjoxNzc5MzY5MTE2fQ.X31x2_6q7xyO5OTsZJxSEKJfxC2aqjHgBBzk0fkWsZw' WHERE `id`=1
2026-05-14T22:16:30.579+08:00 [DEBU] {883b9e7f3c74af18a0b7d272ee692231} [599 ms] [default] [max2] [rows:17 ] SHOW TABLES
2026-05-14T22:16:30.779+08:00 [DEBU] {883b9e7f3c74af18a0b7d272ee692231} [193 ms] [default] [max2] [rows:0  ] SELECT `id` FROM `users` WHERE name = '梅西' LIMIT 1
2026-05-14T22:16:31.210+08:00 [DEBU] {883b9e7f3c74af18a0b7d272ee692231} [429 ms] [default] [max2] [rows:0  ] [txid:1] BEGIN (IosolationLevel: Default, ReadOnly: false)
2026-05-14T22:16:31.389+08:00 [DEBU] {883b9e7f3c74af18a0b7d272ee692231} [174 ms] [default] [max2] [rows:1  ] [txid:1] INSERT INTO `users`(`name`,`password`,`point`,`token`) VALUES('梅西','c4ca4238a0b923820dcc509a6f75849b',100,'') 
2026-05-14T22:16:31.499+08:00 [DEBU] {883b9e7f3c74af18a0b7d272ee692231} [107 ms] [default] [max2] [rows:0  ] [txid:1] COMMIT
2026-05-14T22:16:42.448+08:00 [DEBU] {b0baa76f4174af18a2b7d272ed7fc03f} [205 ms] [default] [max2] [rows:1  ] UPDATE `users` SET `token`='eyJhbGciOiJIUzI1NiIsInR5cCI6IkpXVCJ9.eyJJZCI6MCwiVXNlcm5hbWUiOiLmooXopb8iLCJleHAiOjE3NzkzNzMwMDJ9.JWBsilZBJrUyyyWJFmsOQk2PnUq_khGsBh2Bbt7Zrw0' WHERE `id`=4
2026-05-14T22:18:12.927+08:00 [DEBU] {380eef2d5674af18a4b7d2722653509a} [1602 ms] [default] [max2] [rows:0  ] SELECT `id` FROM `users` WHERE name = '亚马尔' LIMIT 1
2026-05-14T22:18:13.017+08:00 [DEBU] {380eef2d5674af18a4b7d2722653509a} [ 89 ms] [default] [max2] [rows:0  ] [txid:2] BEGIN (IosolationLevel: Default, ReadOnly: false)
2026-05-14T22:18:13.245+08:00 [DEBU] {380eef2d5674af18a4b7d2722653509a} [211 ms] [default] [max2] [rows:1  ] [txid:2] INSERT INTO `users`(`name`,`password`,`point`,`token`) VALUES('亚马尔','c4ca4238a0b923820dcc509a6f75849b',100,'') 
2026-05-14T22:18:13.350+08:00 [DEBU] {380eef2d5674af18a4b7d2722653509a} [102 ms] [default] [max2] [rows:0  ] [txid:2] COMMIT
2026-05-14T22:18:26.107+08:00 [DEBU] {1cafb3905974af18a6b7d2724c2d3532} [229 ms] [default] [max2] [rows:1  ] UPDATE `users` SET `token`='eyJhbGciOiJIUzI1NiIsInR5cCI6IkpXVCJ9.eyJJZCI6MCwiVXNlcm5hbWUiOiLkuprpqazlsJQiLCJleHAiOjE3NzkzNzMxMDV9.Pyv1ki4O61eiYp6_aeiTYEMsIE_8IWcJ58WLS8NSdMk' WHERE `id`=5
