2026-04-23T00:23:35.953+08:00 [DEBU] {b405df8b69baa81876b8e5325cbe6d23} [465 ms] [default] [max2] [rows:16 ] SHOW TABLES
2026-04-23T00:23:36.051+08:00 [DEBU] {b405df8b69baa81876b8e5325cbe6d23} [ 95 ms] [default] [max2] [rows:21 ] SHOW FULL COLUMNS FROM `sys_user`
2026-04-23T00:23:36.188+08:00 [DEBU] {b405df8b69baa81876b8e5325cbe6d23} [134 ms] [default] [max2] [rows:1  ] SELECT `id`,`user_name`,`user_nickname`,`user_password`,`user_salt`,`user_status`,`is_admin`,`avatar`,`dept_id` FROM `sys_user` WHERE (`user_name`='demo') AND `deleted_at` IS NULL LIMIT 1
2026-04-23T00:23:36.367+08:00 [DEBU] {b405df8b69baa81876b8e5325cbe6d23} [175 ms] [default] [max2] [rows:1  ] UPDATE `sys_user` SET `last_login_ip`='::1',`last_login_time`='2026-04-23 00:23:36' WHERE `id`=31
2026-04-23T00:23:36.471+08:00 [DEBU] {6c3701c169baa81877b8e532fc8197c2} [100 ms] [default] [max2] [rows:10 ] SHOW FULL COLUMNS FROM `sys_login_log`
2026-04-23T00:23:36.544+08:00 [DEBU] {b405df8b69baa81876b8e5325cbe6d23} [ 63 ms] [default] [max2] [rows:8  ] SHOW FULL COLUMNS FROM `sys_role`
2026-04-23T00:23:36.667+08:00 [DEBU] {6c3701c169baa81877b8e532fc8197c2} [120 ms] [default] [max2] [rows:1  ] INSERT INTO `sys_login_log`(`login_name`,`ipaddr`,`login_location`,`browser`,`os`,`status`,`msg`,`login_time`,`module`) VALUES('demo','::1','内网IP','Edge','Windows 10',1,'登录成功','2026-04-23 00:23:36','系统后台') 
2026-04-23T00:23:36.904+08:00 [DEBU] {b405df8b69baa81876b8e5325cbe6d23} [357 ms] [default] [max2] [rows:6  ] SELECT `id`,`status`,`list_order`,`name`,`remark`,`data_scope`,`created_at`,`updated_at` FROM `sys_role` ORDER BY `list_order` asc,`id` asc
2026-04-23T00:23:45.704+08:00 [DEBU] {a48581e56bbaa81879b8e5321c12b7ac} [132 ms] [default] [max2] [rows:1  ] SELECT `id`,`user_name`,`user_nickname`,`user_password`,`user_salt`,`user_status`,`is_admin`,`avatar`,`dept_id` FROM `sys_user` WHERE (`user_name`='demo') AND `deleted_at` IS NULL LIMIT 1
2026-04-23T00:23:45.866+08:00 [DEBU] {a48581e56bbaa81879b8e5321c12b7ac} [161 ms] [default] [max2] [rows:1  ] UPDATE `sys_user` SET `last_login_ip`='::1',`last_login_time`='2026-04-23 00:23:45' WHERE `id`=31
2026-04-23T00:23:46.026+08:00 [DEBU] {0c3a1cf76bbaa8187ab8e532c601be9e} [158 ms] [default] [max2] [rows:1  ] INSERT INTO `sys_login_log`(`login_name`,`ipaddr`,`login_location`,`browser`,`os`,`status`,`msg`,`login_time`,`module`) VALUES('demo','::1','内网IP','Edge','Windows 10',1,'登录成功','2026-04-23 00:23:45','系统后台') 
2026-04-23T00:23:47.407+08:00 [DEBU] {0cec1e4c6cbaa8187cb8e5320958a731} [112 ms] [default] [max2] [rows:1  ] SELECT `id`,`user_name`,`user_nickname`,`user_password`,`user_salt`,`user_status`,`is_admin`,`avatar`,`dept_id` FROM `sys_user` WHERE (`user_name`='demo') AND `deleted_at` IS NULL LIMIT 1
2026-04-23T00:23:47.547+08:00 [DEBU] {0cec1e4c6cbaa8187cb8e5320958a731} [138 ms] [default] [max2] [rows:1  ] UPDATE `sys_user` SET `last_login_ip`='::1',`last_login_time`='2026-04-23 00:23:47' WHERE `id`=31
2026-04-23T00:23:47.665+08:00 [DEBU] {a472465b6cbaa8187db8e53282729894} [117 ms] [default] [max2] [rows:1  ] INSERT INTO `sys_login_log`(`login_name`,`ipaddr`,`login_location`,`browser`,`os`,`status`,`msg`,`login_time`,`module`) VALUES('demo','::1','内网IP','Edge','Windows 10',1,'登录成功','2026-04-23 00:23:47','系统后台') 
2026-04-23T00:23:48.582+08:00 [DEBU] {eca3b18f6cbaa8187fb8e5327b52aa9c} [153 ms] [default] [max2] [rows:1  ] SELECT `id`,`user_name`,`user_nickname`,`user_password`,`user_salt`,`user_status`,`is_admin`,`avatar`,`dept_id` FROM `sys_user` WHERE (`user_name`='demo') AND `deleted_at` IS NULL LIMIT 1
2026-04-23T00:23:48.746+08:00 [DEBU] {eca3b18f6cbaa8187fb8e5327b52aa9c} [162 ms] [default] [max2] [rows:1  ] UPDATE `sys_user` SET `last_login_ip`='::1',`last_login_time`='2026-04-23 00:23:48' WHERE `id`=31
2026-04-23T00:23:48.905+08:00 [DEBU] {30c2c3a26cbaa81880b8e5321032248c} [157 ms] [default] [max2] [rows:1  ] INSERT INTO `sys_login_log`(`login_name`,`ipaddr`,`login_location`,`browser`,`os`,`status`,`msg`,`login_time`,`module`) VALUES('demo','::1','内网IP','Edge','Windows 10',1,'登录成功','2026-04-23 00:23:48','系统后台') 
2026-04-23T00:23:49.303+08:00 [DEBU] {fc29c8ba6cbaa81882b8e5322d648f0c} [152 ms] [default] [max2] [rows:1  ] SELECT `id`,`user_name`,`user_nickname`,`user_password`,`user_salt`,`user_status`,`is_admin`,`avatar`,`dept_id` FROM `sys_user` WHERE (`user_name`='demo') AND `deleted_at` IS NULL LIMIT 1
2026-04-23T00:23:49.465+08:00 [DEBU] {fc29c8ba6cbaa81882b8e5322d648f0c} [161 ms] [default] [max2] [rows:0  ] UPDATE `sys_user` SET `last_login_ip`='::1',`last_login_time`='2026-04-23 00:23:49' WHERE `id`=31
2026-04-23T00:23:49.585+08:00 [DEBU] {d4d99bcd6cbaa81883b8e5322824306c} [118 ms] [default] [max2] [rows:1  ] INSERT INTO `sys_login_log`(`login_name`,`ipaddr`,`login_location`,`browser`,`os`,`status`,`msg`,`login_time`,`module`) VALUES('demo','::1','内网IP','Edge','Windows 10',1,'登录成功','2026-04-23 00:23:49','系统后台') 
2026-04-23T00:23:49.783+08:00 [DEBU] {9c7b9fd86cbaa81885b8e532eb4bc1c9} [131 ms] [default] [max2] [rows:1  ] SELECT `id`,`user_name`,`user_nickname`,`user_password`,`user_salt`,`user_status`,`is_admin`,`avatar`,`dept_id` FROM `sys_user` WHERE (`user_name`='demo') AND `deleted_at` IS NULL LIMIT 1
2026-04-23T00:23:49.954+08:00 [DEBU] {9c7b9fd86cbaa81885b8e532eb4bc1c9} [170 ms] [default] [max2] [rows:1  ] UPDATE `sys_user` SET `last_login_ip`='::1',`last_login_time`='2026-04-23 00:23:49' WHERE `id`=31
2026-04-23T00:23:50.105+08:00 [DEBU] {c8ebf5ea6cbaa81886b8e5328cd1f8ee} [140 ms] [default] [max2] [rows:1  ] INSERT INTO `sys_login_log`(`login_name`,`ipaddr`,`login_location`,`browser`,`os`,`status`,`msg`,`login_time`,`module`) VALUES('demo','::1','内网IP','Edge','Windows 10',1,'登录成功','2026-04-23 00:23:49','系统后台') 
